TimeQuest Timing Analyzer report for TopLevel
Thu Mar  9 23:06:56 2017
Quartus II 32-bit Version 12.0 Build 178 05/31/2012 SJ Web Edition


---------------------
; Table of Contents ;
---------------------
  1. Legal Notice
  2. TimeQuest Timing Analyzer Summary
  3. Parallel Compilation
  4. Clocks
  5. Fmax Summary
  6. Setup Summary
  7. Hold Summary
  8. Recovery Summary
  9. Removal Summary
 10. Minimum Pulse Width Summary
 11. Setup: 'clk'
 12. Hold: 'clk'
 13. Minimum Pulse Width: 'clk'
 14. Setup Times
 15. Hold Times
 16. Clock to Output Times
 17. Minimum Clock to Output Times
 18. Propagation Delay
 19. Minimum Propagation Delay
 20. Output Enable Times
 21. Minimum Output Enable Times
 22. Output Disable Times
 23. Minimum Output Disable Times
 24. Setup Transfers
 25. Hold Transfers
 26. Report TCCS
 27. Report RSKM
 28. Unconstrained Paths
 29. TimeQuest Timing Analyzer Messages



----------------
; Legal Notice ;
----------------
Copyright (C) 1991-2012 Altera Corporation
Your use of Altera Corporation's design tools, logic functions 
and other software and tools, and its AMPP partner logic 
functions, and any output files from any of the foregoing 
(including device programming or simulation files), and any 
associated documentation or information are expressly subject 
to the terms and conditions of the Altera Program License 
Subscription Agreement, Altera MegaCore Function License 
Agreement, or other applicable license agreement, including, 
without limitation, that your use is for the sole purpose of 
programming logic devices manufactured by Altera and sold by 
Altera or its authorized distributors.  Please refer to the 
applicable agreement for further details.



+-----------------------------------------------------------------------+
; TimeQuest Timing Analyzer Summary                                     ;
+--------------------+--------------------------------------------------+
; Quartus II Version ; Version 12.0 Build 178 05/31/2012 SJ Web Edition ;
; Revision Name      ; TopLevel                                         ;
; Device Family      ; MAX V                                            ;
; Device Name        ; 5M1270ZT144C5                                    ;
; Timing Models      ; Final                                            ;
; Delay Model        ; Slow Model                                       ;
; Rise/Fall Delays   ; Unavailable                                      ;
+--------------------+--------------------------------------------------+


Parallel compilation was disabled, but you have multiple processors available. Enable parallel compilation to reduce compilation time.
+-------------------------------------+
; Parallel Compilation                ;
+----------------------------+--------+
; Processors                 ; Number ;
+----------------------------+--------+
; Number detected on machine ; 4      ;
; Maximum allowed            ; 1      ;
+----------------------------+--------+


+---------------------------------------------------------------------------------------------------------------------------------------------------------------------------------+
; Clocks                                                                                                                                                                          ;
+------------+------+--------+------------+-------+-------+------------+-----------+-------------+-------+--------+-----------+------------+----------+--------+--------+---------+
; Clock Name ; Type ; Period ; Frequency  ; Rise  ; Fall  ; Duty Cycle ; Divide by ; Multiply by ; Phase ; Offset ; Edge List ; Edge Shift ; Inverted ; Master ; Source ; Targets ;
+------------+------+--------+------------+-------+-------+------------+-----------+-------------+-------+--------+-----------+------------+----------+--------+--------+---------+
; clk        ; Base ; 1.000  ; 1000.0 MHz ; 0.000 ; 0.500 ;            ;           ;             ;       ;        ;           ;            ;          ;        ;        ; { clk } ;
+------------+------+--------+------------+-------+-------+------------+-----------+-------------+-------+--------+-----------+------------+----------+--------+--------+---------+


+-------------------------------------------------+
; Fmax Summary                                    ;
+-----------+-----------------+------------+------+
; Fmax      ; Restricted Fmax ; Clock Name ; Note ;
+-----------+-----------------+------------+------+
; 69.16 MHz ; 69.16 MHz       ; clk        ;      ;
+-----------+-----------------+------------+------+
This panel reports FMAX for every clock in the design, regardless of the user-specified clock periods.  FMAX is only computed for paths where the source and destination registers or ports are driven by the same clock.  Paths of different clocks, including generated clocks, are ignored.  For paths between a clock and its inversion, FMAX is computed as if the rising and falling edges are scaled along with FMAX, such that the duty cycle (in terms of a percentage) is maintained. Altera recommends that you always use clock constraints and other slack reports for sign-off analysis.


+---------------------------------+
; Setup Summary                   ;
+-------+---------+---------------+
; Clock ; Slack   ; End Point TNS ;
+-------+---------+---------------+
; clk   ; -13.459 ; -1727.955     ;
+-------+---------+---------------+


+-------------------------------+
; Hold Summary                  ;
+-------+-------+---------------+
; Clock ; Slack ; End Point TNS ;
+-------+-------+---------------+
; clk   ; 1.639 ; 0.000         ;
+-------+-------+---------------+


--------------------
; Recovery Summary ;
--------------------
No paths to report.


-------------------
; Removal Summary ;
-------------------
No paths to report.


+--------------------------------+
; Minimum Pulse Width Summary    ;
+-------+--------+---------------+
; Clock ; Slack  ; End Point TNS ;
+-------+--------+---------------+
; clk   ; -2.289 ; -2.289        ;
+-------+--------+---------------+


+-------------------------------------------------------------------------------------------------------------------------------------------------------------------------------+
; Setup: 'clk'                                                                                                                                                                  ;
+---------+-----------------------------------------------+-----------------------------------------------+--------------+-------------+--------------+------------+------------+
; Slack   ; From Node                                     ; To Node                                       ; Launch Clock ; Latch Clock ; Relationship ; Clock Skew ; Data Delay ;
+---------+-----------------------------------------------+-----------------------------------------------+--------------+-------------+--------------+------------+------------+
; -13.459 ; SMC:ram|SMCData:data|DataRegister:rw|Dout[20] ; SMC:ram|SMCData:data|DataRegister:rw|Dout[1]  ; clk          ; clk         ; 1.000        ; 0.000      ; 14.126     ;
; -13.459 ; SMC:ram|SMCData:data|DataRegister:rw|Dout[20] ; SMC:ram|SMCData:data|DataRegister:rw|Dout[0]  ; clk          ; clk         ; 1.000        ; 0.000      ; 14.126     ;
; -13.459 ; SMC:ram|SMCData:data|DataRegister:rw|Dout[20] ; SMC:ram|SMCData:data|DataRegister:rw|Dout[3]  ; clk          ; clk         ; 1.000        ; 0.000      ; 14.126     ;
; -13.459 ; SMC:ram|SMCData:data|DataRegister:rw|Dout[20] ; SMC:ram|SMCData:data|DataRegister:rw|Dout[2]  ; clk          ; clk         ; 1.000        ; 0.000      ; 14.126     ;
; -13.459 ; SMC:ram|SMCData:data|DataRegister:rw|Dout[20] ; SMC:ram|SMCData:data|DataRegister:rw|Dout[5]  ; clk          ; clk         ; 1.000        ; 0.000      ; 14.126     ;
; -13.459 ; SMC:ram|SMCData:data|DataRegister:rw|Dout[20] ; SMC:ram|SMCData:data|DataRegister:rw|Dout[4]  ; clk          ; clk         ; 1.000        ; 0.000      ; 14.126     ;
; -13.416 ; SMC:ram|SMCData:data|DataRegister:rw|Dout[20] ; SMC:ram|SMCData:data|DataRegister:rw|Dout[17] ; clk          ; clk         ; 1.000        ; 0.000      ; 14.083     ;
; -13.416 ; SMC:ram|SMCData:data|DataRegister:rw|Dout[20] ; SMC:ram|SMCData:data|DataRegister:rw|Dout[16] ; clk          ; clk         ; 1.000        ; 0.000      ; 14.083     ;
; -13.416 ; SMC:ram|SMCData:data|DataRegister:rw|Dout[20] ; SMC:ram|SMCData:data|DataRegister:rw|Dout[19] ; clk          ; clk         ; 1.000        ; 0.000      ; 14.083     ;
; -13.416 ; SMC:ram|SMCData:data|DataRegister:rw|Dout[20] ; SMC:ram|SMCData:data|DataRegister:rw|Dout[18] ; clk          ; clk         ; 1.000        ; 0.000      ; 14.083     ;
; -13.416 ; SMC:ram|SMCData:data|DataRegister:rw|Dout[20] ; SMC:ram|SMCData:data|DataRegister:rw|Dout[21] ; clk          ; clk         ; 1.000        ; 0.000      ; 14.083     ;
; -13.416 ; SMC:ram|SMCData:data|DataRegister:rw|Dout[20] ; SMC:ram|SMCData:data|DataRegister:rw|Dout[20] ; clk          ; clk         ; 1.000        ; 0.000      ; 14.083     ;
; -13.416 ; SMC:ram|SMCData:data|DataRegister:rw|Dout[20] ; SMC:ram|SMCData:data|DataRegister:rw|Dout[23] ; clk          ; clk         ; 1.000        ; 0.000      ; 14.083     ;
; -13.416 ; SMC:ram|SMCData:data|DataRegister:rw|Dout[20] ; SMC:ram|SMCData:data|DataRegister:rw|Dout[22] ; clk          ; clk         ; 1.000        ; 0.000      ; 14.083     ;
; -13.416 ; SMC:ram|SMCData:data|DataRegister:rw|Dout[20] ; SMC:ram|SMCData:data|DataRegister:rw|Dout[25] ; clk          ; clk         ; 1.000        ; 0.000      ; 14.083     ;
; -13.416 ; SMC:ram|SMCData:data|DataRegister:rw|Dout[20] ; SMC:ram|SMCData:data|DataRegister:rw|Dout[24] ; clk          ; clk         ; 1.000        ; 0.000      ; 14.083     ;
; -13.416 ; SMC:ram|SMCData:data|DataRegister:rw|Dout[20] ; SMC:ram|SMCData:data|DataRegister:rw|Dout[27] ; clk          ; clk         ; 1.000        ; 0.000      ; 14.083     ;
; -13.416 ; SMC:ram|SMCData:data|DataRegister:rw|Dout[20] ; SMC:ram|SMCData:data|DataRegister:rw|Dout[26] ; clk          ; clk         ; 1.000        ; 0.000      ; 14.083     ;
; -13.416 ; SMC:ram|SMCData:data|DataRegister:rw|Dout[20] ; SMC:ram|SMCData:data|DataRegister:rw|Dout[29] ; clk          ; clk         ; 1.000        ; 0.000      ; 14.083     ;
; -13.416 ; SMC:ram|SMCData:data|DataRegister:rw|Dout[20] ; SMC:ram|SMCData:data|DataRegister:rw|Dout[28] ; clk          ; clk         ; 1.000        ; 0.000      ; 14.083     ;
; -13.416 ; SMC:ram|SMCData:data|DataRegister:rw|Dout[20] ; SMC:ram|SMCData:data|DataRegister:rw|Dout[31] ; clk          ; clk         ; 1.000        ; 0.000      ; 14.083     ;
; -13.416 ; SMC:ram|SMCData:data|DataRegister:rw|Dout[20] ; SMC:ram|SMCData:data|DataRegister:rw|Dout[30] ; clk          ; clk         ; 1.000        ; 0.000      ; 14.083     ;
; -13.387 ; SMC:ram|SMCData:data|DataRegister:rw|Dout[8]  ; SMC:ram|SMCData:data|DataRegister:rw|Dout[1]  ; clk          ; clk         ; 1.000        ; 0.000      ; 14.054     ;
; -13.387 ; SMC:ram|SMCData:data|DataRegister:rw|Dout[8]  ; SMC:ram|SMCData:data|DataRegister:rw|Dout[0]  ; clk          ; clk         ; 1.000        ; 0.000      ; 14.054     ;
; -13.387 ; SMC:ram|SMCData:data|DataRegister:rw|Dout[8]  ; SMC:ram|SMCData:data|DataRegister:rw|Dout[3]  ; clk          ; clk         ; 1.000        ; 0.000      ; 14.054     ;
; -13.387 ; SMC:ram|SMCData:data|DataRegister:rw|Dout[8]  ; SMC:ram|SMCData:data|DataRegister:rw|Dout[2]  ; clk          ; clk         ; 1.000        ; 0.000      ; 14.054     ;
; -13.387 ; SMC:ram|SMCData:data|DataRegister:rw|Dout[8]  ; SMC:ram|SMCData:data|DataRegister:rw|Dout[5]  ; clk          ; clk         ; 1.000        ; 0.000      ; 14.054     ;
; -13.387 ; SMC:ram|SMCData:data|DataRegister:rw|Dout[8]  ; SMC:ram|SMCData:data|DataRegister:rw|Dout[4]  ; clk          ; clk         ; 1.000        ; 0.000      ; 14.054     ;
; -13.380 ; SMC:ram|SMCData:data|DataRegister:rw|Dout[20] ; SMC:ram|SMCData:data|DataRegister:rw|Dout[7]  ; clk          ; clk         ; 1.000        ; 0.000      ; 14.047     ;
; -13.380 ; SMC:ram|SMCData:data|DataRegister:rw|Dout[20] ; SMC:ram|SMCData:data|DataRegister:rw|Dout[6]  ; clk          ; clk         ; 1.000        ; 0.000      ; 14.047     ;
; -13.380 ; SMC:ram|SMCData:data|DataRegister:rw|Dout[20] ; SMC:ram|SMCData:data|DataRegister:rw|Dout[9]  ; clk          ; clk         ; 1.000        ; 0.000      ; 14.047     ;
; -13.380 ; SMC:ram|SMCData:data|DataRegister:rw|Dout[20] ; SMC:ram|SMCData:data|DataRegister:rw|Dout[8]  ; clk          ; clk         ; 1.000        ; 0.000      ; 14.047     ;
; -13.380 ; SMC:ram|SMCData:data|DataRegister:rw|Dout[20] ; SMC:ram|SMCData:data|DataRegister:rw|Dout[11] ; clk          ; clk         ; 1.000        ; 0.000      ; 14.047     ;
; -13.380 ; SMC:ram|SMCData:data|DataRegister:rw|Dout[20] ; SMC:ram|SMCData:data|DataRegister:rw|Dout[10] ; clk          ; clk         ; 1.000        ; 0.000      ; 14.047     ;
; -13.380 ; SMC:ram|SMCData:data|DataRegister:rw|Dout[20] ; SMC:ram|SMCData:data|DataRegister:rw|Dout[13] ; clk          ; clk         ; 1.000        ; 0.000      ; 14.047     ;
; -13.380 ; SMC:ram|SMCData:data|DataRegister:rw|Dout[20] ; SMC:ram|SMCData:data|DataRegister:rw|Dout[12] ; clk          ; clk         ; 1.000        ; 0.000      ; 14.047     ;
; -13.380 ; SMC:ram|SMCData:data|DataRegister:rw|Dout[20] ; SMC:ram|SMCData:data|DataRegister:rw|Dout[15] ; clk          ; clk         ; 1.000        ; 0.000      ; 14.047     ;
; -13.380 ; SMC:ram|SMCData:data|DataRegister:rw|Dout[20] ; SMC:ram|SMCData:data|DataRegister:rw|Dout[14] ; clk          ; clk         ; 1.000        ; 0.000      ; 14.047     ;
; -13.367 ; SMC:ram|SMCData:data|DataRegister:rw|Dout[5]  ; SMC:ram|SMCData:data|DataRegister:rw|Dout[1]  ; clk          ; clk         ; 1.000        ; 0.000      ; 14.034     ;
; -13.367 ; SMC:ram|SMCData:data|DataRegister:rw|Dout[5]  ; SMC:ram|SMCData:data|DataRegister:rw|Dout[0]  ; clk          ; clk         ; 1.000        ; 0.000      ; 14.034     ;
; -13.367 ; SMC:ram|SMCData:data|DataRegister:rw|Dout[5]  ; SMC:ram|SMCData:data|DataRegister:rw|Dout[3]  ; clk          ; clk         ; 1.000        ; 0.000      ; 14.034     ;
; -13.367 ; SMC:ram|SMCData:data|DataRegister:rw|Dout[5]  ; SMC:ram|SMCData:data|DataRegister:rw|Dout[2]  ; clk          ; clk         ; 1.000        ; 0.000      ; 14.034     ;
; -13.367 ; SMC:ram|SMCData:data|DataRegister:rw|Dout[5]  ; SMC:ram|SMCData:data|DataRegister:rw|Dout[5]  ; clk          ; clk         ; 1.000        ; 0.000      ; 14.034     ;
; -13.367 ; SMC:ram|SMCData:data|DataRegister:rw|Dout[5]  ; SMC:ram|SMCData:data|DataRegister:rw|Dout[4]  ; clk          ; clk         ; 1.000        ; 0.000      ; 14.034     ;
; -13.344 ; SMC:ram|SMCData:data|DataRegister:rw|Dout[8]  ; SMC:ram|SMCData:data|DataRegister:rw|Dout[17] ; clk          ; clk         ; 1.000        ; 0.000      ; 14.011     ;
; -13.344 ; SMC:ram|SMCData:data|DataRegister:rw|Dout[8]  ; SMC:ram|SMCData:data|DataRegister:rw|Dout[16] ; clk          ; clk         ; 1.000        ; 0.000      ; 14.011     ;
; -13.344 ; SMC:ram|SMCData:data|DataRegister:rw|Dout[8]  ; SMC:ram|SMCData:data|DataRegister:rw|Dout[19] ; clk          ; clk         ; 1.000        ; 0.000      ; 14.011     ;
; -13.344 ; SMC:ram|SMCData:data|DataRegister:rw|Dout[8]  ; SMC:ram|SMCData:data|DataRegister:rw|Dout[18] ; clk          ; clk         ; 1.000        ; 0.000      ; 14.011     ;
; -13.344 ; SMC:ram|SMCData:data|DataRegister:rw|Dout[8]  ; SMC:ram|SMCData:data|DataRegister:rw|Dout[21] ; clk          ; clk         ; 1.000        ; 0.000      ; 14.011     ;
; -13.344 ; SMC:ram|SMCData:data|DataRegister:rw|Dout[8]  ; SMC:ram|SMCData:data|DataRegister:rw|Dout[20] ; clk          ; clk         ; 1.000        ; 0.000      ; 14.011     ;
; -13.344 ; SMC:ram|SMCData:data|DataRegister:rw|Dout[8]  ; SMC:ram|SMCData:data|DataRegister:rw|Dout[23] ; clk          ; clk         ; 1.000        ; 0.000      ; 14.011     ;
; -13.344 ; SMC:ram|SMCData:data|DataRegister:rw|Dout[8]  ; SMC:ram|SMCData:data|DataRegister:rw|Dout[22] ; clk          ; clk         ; 1.000        ; 0.000      ; 14.011     ;
; -13.344 ; SMC:ram|SMCData:data|DataRegister:rw|Dout[8]  ; SMC:ram|SMCData:data|DataRegister:rw|Dout[25] ; clk          ; clk         ; 1.000        ; 0.000      ; 14.011     ;
; -13.344 ; SMC:ram|SMCData:data|DataRegister:rw|Dout[8]  ; SMC:ram|SMCData:data|DataRegister:rw|Dout[24] ; clk          ; clk         ; 1.000        ; 0.000      ; 14.011     ;
; -13.344 ; SMC:ram|SMCData:data|DataRegister:rw|Dout[8]  ; SMC:ram|SMCData:data|DataRegister:rw|Dout[27] ; clk          ; clk         ; 1.000        ; 0.000      ; 14.011     ;
; -13.344 ; SMC:ram|SMCData:data|DataRegister:rw|Dout[8]  ; SMC:ram|SMCData:data|DataRegister:rw|Dout[26] ; clk          ; clk         ; 1.000        ; 0.000      ; 14.011     ;
; -13.344 ; SMC:ram|SMCData:data|DataRegister:rw|Dout[8]  ; SMC:ram|SMCData:data|DataRegister:rw|Dout[29] ; clk          ; clk         ; 1.000        ; 0.000      ; 14.011     ;
; -13.344 ; SMC:ram|SMCData:data|DataRegister:rw|Dout[8]  ; SMC:ram|SMCData:data|DataRegister:rw|Dout[28] ; clk          ; clk         ; 1.000        ; 0.000      ; 14.011     ;
; -13.344 ; SMC:ram|SMCData:data|DataRegister:rw|Dout[8]  ; SMC:ram|SMCData:data|DataRegister:rw|Dout[31] ; clk          ; clk         ; 1.000        ; 0.000      ; 14.011     ;
; -13.344 ; SMC:ram|SMCData:data|DataRegister:rw|Dout[8]  ; SMC:ram|SMCData:data|DataRegister:rw|Dout[30] ; clk          ; clk         ; 1.000        ; 0.000      ; 14.011     ;
; -13.324 ; SMC:ram|SMCData:data|DataRegister:rw|Dout[5]  ; SMC:ram|SMCData:data|DataRegister:rw|Dout[17] ; clk          ; clk         ; 1.000        ; 0.000      ; 13.991     ;
; -13.324 ; SMC:ram|SMCData:data|DataRegister:rw|Dout[5]  ; SMC:ram|SMCData:data|DataRegister:rw|Dout[16] ; clk          ; clk         ; 1.000        ; 0.000      ; 13.991     ;
; -13.324 ; SMC:ram|SMCData:data|DataRegister:rw|Dout[5]  ; SMC:ram|SMCData:data|DataRegister:rw|Dout[19] ; clk          ; clk         ; 1.000        ; 0.000      ; 13.991     ;
; -13.324 ; SMC:ram|SMCData:data|DataRegister:rw|Dout[5]  ; SMC:ram|SMCData:data|DataRegister:rw|Dout[18] ; clk          ; clk         ; 1.000        ; 0.000      ; 13.991     ;
; -13.324 ; SMC:ram|SMCData:data|DataRegister:rw|Dout[5]  ; SMC:ram|SMCData:data|DataRegister:rw|Dout[21] ; clk          ; clk         ; 1.000        ; 0.000      ; 13.991     ;
; -13.324 ; SMC:ram|SMCData:data|DataRegister:rw|Dout[5]  ; SMC:ram|SMCData:data|DataRegister:rw|Dout[20] ; clk          ; clk         ; 1.000        ; 0.000      ; 13.991     ;
; -13.324 ; SMC:ram|SMCData:data|DataRegister:rw|Dout[5]  ; SMC:ram|SMCData:data|DataRegister:rw|Dout[23] ; clk          ; clk         ; 1.000        ; 0.000      ; 13.991     ;
; -13.324 ; SMC:ram|SMCData:data|DataRegister:rw|Dout[5]  ; SMC:ram|SMCData:data|DataRegister:rw|Dout[22] ; clk          ; clk         ; 1.000        ; 0.000      ; 13.991     ;
; -13.324 ; SMC:ram|SMCData:data|DataRegister:rw|Dout[5]  ; SMC:ram|SMCData:data|DataRegister:rw|Dout[25] ; clk          ; clk         ; 1.000        ; 0.000      ; 13.991     ;
; -13.324 ; SMC:ram|SMCData:data|DataRegister:rw|Dout[5]  ; SMC:ram|SMCData:data|DataRegister:rw|Dout[24] ; clk          ; clk         ; 1.000        ; 0.000      ; 13.991     ;
; -13.324 ; SMC:ram|SMCData:data|DataRegister:rw|Dout[5]  ; SMC:ram|SMCData:data|DataRegister:rw|Dout[27] ; clk          ; clk         ; 1.000        ; 0.000      ; 13.991     ;
; -13.324 ; SMC:ram|SMCData:data|DataRegister:rw|Dout[5]  ; SMC:ram|SMCData:data|DataRegister:rw|Dout[26] ; clk          ; clk         ; 1.000        ; 0.000      ; 13.991     ;
; -13.324 ; SMC:ram|SMCData:data|DataRegister:rw|Dout[5]  ; SMC:ram|SMCData:data|DataRegister:rw|Dout[29] ; clk          ; clk         ; 1.000        ; 0.000      ; 13.991     ;
; -13.324 ; SMC:ram|SMCData:data|DataRegister:rw|Dout[5]  ; SMC:ram|SMCData:data|DataRegister:rw|Dout[28] ; clk          ; clk         ; 1.000        ; 0.000      ; 13.991     ;
; -13.324 ; SMC:ram|SMCData:data|DataRegister:rw|Dout[5]  ; SMC:ram|SMCData:data|DataRegister:rw|Dout[31] ; clk          ; clk         ; 1.000        ; 0.000      ; 13.991     ;
; -13.324 ; SMC:ram|SMCData:data|DataRegister:rw|Dout[5]  ; SMC:ram|SMCData:data|DataRegister:rw|Dout[30] ; clk          ; clk         ; 1.000        ; 0.000      ; 13.991     ;
; -13.308 ; SMC:ram|SMCData:data|DataRegister:rw|Dout[8]  ; SMC:ram|SMCData:data|DataRegister:rw|Dout[7]  ; clk          ; clk         ; 1.000        ; 0.000      ; 13.975     ;
; -13.308 ; SMC:ram|SMCData:data|DataRegister:rw|Dout[8]  ; SMC:ram|SMCData:data|DataRegister:rw|Dout[6]  ; clk          ; clk         ; 1.000        ; 0.000      ; 13.975     ;
; -13.308 ; SMC:ram|SMCData:data|DataRegister:rw|Dout[8]  ; SMC:ram|SMCData:data|DataRegister:rw|Dout[9]  ; clk          ; clk         ; 1.000        ; 0.000      ; 13.975     ;
; -13.308 ; SMC:ram|SMCData:data|DataRegister:rw|Dout[8]  ; SMC:ram|SMCData:data|DataRegister:rw|Dout[8]  ; clk          ; clk         ; 1.000        ; 0.000      ; 13.975     ;
; -13.308 ; SMC:ram|SMCData:data|DataRegister:rw|Dout[8]  ; SMC:ram|SMCData:data|DataRegister:rw|Dout[11] ; clk          ; clk         ; 1.000        ; 0.000      ; 13.975     ;
; -13.308 ; SMC:ram|SMCData:data|DataRegister:rw|Dout[8]  ; SMC:ram|SMCData:data|DataRegister:rw|Dout[10] ; clk          ; clk         ; 1.000        ; 0.000      ; 13.975     ;
; -13.308 ; SMC:ram|SMCData:data|DataRegister:rw|Dout[8]  ; SMC:ram|SMCData:data|DataRegister:rw|Dout[13] ; clk          ; clk         ; 1.000        ; 0.000      ; 13.975     ;
; -13.308 ; SMC:ram|SMCData:data|DataRegister:rw|Dout[8]  ; SMC:ram|SMCData:data|DataRegister:rw|Dout[12] ; clk          ; clk         ; 1.000        ; 0.000      ; 13.975     ;
; -13.308 ; SMC:ram|SMCData:data|DataRegister:rw|Dout[8]  ; SMC:ram|SMCData:data|DataRegister:rw|Dout[15] ; clk          ; clk         ; 1.000        ; 0.000      ; 13.975     ;
; -13.308 ; SMC:ram|SMCData:data|DataRegister:rw|Dout[8]  ; SMC:ram|SMCData:data|DataRegister:rw|Dout[14] ; clk          ; clk         ; 1.000        ; 0.000      ; 13.975     ;
; -13.288 ; SMC:ram|SMCData:data|DataRegister:rw|Dout[5]  ; SMC:ram|SMCData:data|DataRegister:rw|Dout[7]  ; clk          ; clk         ; 1.000        ; 0.000      ; 13.955     ;
; -13.288 ; SMC:ram|SMCData:data|DataRegister:rw|Dout[5]  ; SMC:ram|SMCData:data|DataRegister:rw|Dout[6]  ; clk          ; clk         ; 1.000        ; 0.000      ; 13.955     ;
; -13.288 ; SMC:ram|SMCData:data|DataRegister:rw|Dout[5]  ; SMC:ram|SMCData:data|DataRegister:rw|Dout[9]  ; clk          ; clk         ; 1.000        ; 0.000      ; 13.955     ;
; -13.288 ; SMC:ram|SMCData:data|DataRegister:rw|Dout[5]  ; SMC:ram|SMCData:data|DataRegister:rw|Dout[8]  ; clk          ; clk         ; 1.000        ; 0.000      ; 13.955     ;
; -13.288 ; SMC:ram|SMCData:data|DataRegister:rw|Dout[5]  ; SMC:ram|SMCData:data|DataRegister:rw|Dout[11] ; clk          ; clk         ; 1.000        ; 0.000      ; 13.955     ;
; -13.288 ; SMC:ram|SMCData:data|DataRegister:rw|Dout[5]  ; SMC:ram|SMCData:data|DataRegister:rw|Dout[10] ; clk          ; clk         ; 1.000        ; 0.000      ; 13.955     ;
; -13.288 ; SMC:ram|SMCData:data|DataRegister:rw|Dout[5]  ; SMC:ram|SMCData:data|DataRegister:rw|Dout[13] ; clk          ; clk         ; 1.000        ; 0.000      ; 13.955     ;
; -13.288 ; SMC:ram|SMCData:data|DataRegister:rw|Dout[5]  ; SMC:ram|SMCData:data|DataRegister:rw|Dout[12] ; clk          ; clk         ; 1.000        ; 0.000      ; 13.955     ;
; -13.288 ; SMC:ram|SMCData:data|DataRegister:rw|Dout[5]  ; SMC:ram|SMCData:data|DataRegister:rw|Dout[15] ; clk          ; clk         ; 1.000        ; 0.000      ; 13.955     ;
; -13.288 ; SMC:ram|SMCData:data|DataRegister:rw|Dout[5]  ; SMC:ram|SMCData:data|DataRegister:rw|Dout[14] ; clk          ; clk         ; 1.000        ; 0.000      ; 13.955     ;
; -13.272 ; SMC:ram|SMCData:data|DataRegister:rw|Dout[22] ; SMC:ram|SMCData:data|DataRegister:rw|Dout[1]  ; clk          ; clk         ; 1.000        ; 0.000      ; 13.939     ;
; -13.272 ; SMC:ram|SMCData:data|DataRegister:rw|Dout[22] ; SMC:ram|SMCData:data|DataRegister:rw|Dout[0]  ; clk          ; clk         ; 1.000        ; 0.000      ; 13.939     ;
; -13.272 ; SMC:ram|SMCData:data|DataRegister:rw|Dout[22] ; SMC:ram|SMCData:data|DataRegister:rw|Dout[3]  ; clk          ; clk         ; 1.000        ; 0.000      ; 13.939     ;
; -13.272 ; SMC:ram|SMCData:data|DataRegister:rw|Dout[22] ; SMC:ram|SMCData:data|DataRegister:rw|Dout[2]  ; clk          ; clk         ; 1.000        ; 0.000      ; 13.939     ;
+---------+-----------------------------------------------+-----------------------------------------------+--------------+-------------+--------------+------------+------------+


+---------------------------------------------------------------------------------------------------------------------------------------------------------------------------------------------------------------------------------------------------------------------------------------------+
; Hold: 'clk'                                                                                                                                                                                                                                                                                 ;
+-------+-------------------------------------------------------------------------------------------------------+-------------------------------------------------------------------------------------------------------+--------------+-------------+--------------+------------+------------+
; Slack ; From Node                                                                                             ; To Node                                                                                               ; Launch Clock ; Latch Clock ; Relationship ; Clock Skew ; Data Delay ;
+-------+-------------------------------------------------------------------------------------------------------+-------------------------------------------------------------------------------------------------------+--------------+-------------+--------------+------------+------------+
; 1.639 ; UARTReceiver:uart|UARTReceiverControl:CP|count_sig[6]                                                 ; UARTReceiver:uart|UARTReceiverControl:CP|count_sig[6]                                                 ; clk          ; clk         ; 0.000        ; 0.000      ; 1.860      ;
; 1.649 ; UARTReceiver:uart|UARTReceiverControl:CP|count_sig[2]                                                 ; UARTReceiver:uart|UARTReceiverControl:CP|count_sig[2]                                                 ; clk          ; clk         ; 0.000        ; 0.000      ; 1.870      ;
; 1.649 ; UARTReceiver:uart|UARTReceiverControl:CP|count_sig[8]                                                 ; UARTReceiver:uart|UARTReceiverControl:CP|count_sig[8]                                                 ; clk          ; clk         ; 0.000        ; 0.000      ; 1.870      ;
; 1.649 ; UARTReceiver:uart|UARTReceiverControl:CP|count_sig[16]                                                ; UARTReceiver:uart|UARTReceiverControl:CP|count_sig[16]                                                ; clk          ; clk         ; 0.000        ; 0.000      ; 1.870      ;
; 1.649 ; UARTReceiver:uart|UARTReceiverControl:CP|count_sig[29]                                                ; UARTReceiver:uart|UARTReceiverControl:CP|count_sig[29]                                                ; clk          ; clk         ; 0.000        ; 0.000      ; 1.870      ;
; 1.650 ; UARTReceiver:uart|UARTReceiverControl:CP|count_sig[18]                                                ; UARTReceiver:uart|UARTReceiverControl:CP|count_sig[18]                                                ; clk          ; clk         ; 0.000        ; 0.000      ; 1.871      ;
; 1.652 ; UARTReceiver:uart|UARTReceiverData:DP|DataRegister:shift_r|Dout[2]                                    ; UARTReceiver:uart|UARTReceiverData:DP|DataRegister:shift_r|Dout[1]                                    ; clk          ; clk         ; 0.000        ; 0.000      ; 1.873      ;
; 1.652 ; UARTReceiver:uart|UARTReceiverData:DP|DataRegister:shift_r|Dout[7]                                    ; UARTReceiver:uart|UARTReceiverData:DP|DataRegister:shift_r|Dout[6]                                    ; clk          ; clk         ; 0.000        ; 0.000      ; 1.873      ;
; 1.661 ; UARTReceiver:uart|UARTReceiverData:DP|DataRegister:shift_r|Dout[6]                                    ; UARTReceiver:uart|UARTReceiverData:DP|DataRegister:shift_r|Dout[5]                                    ; clk          ; clk         ; 0.000        ; 0.000      ; 1.882      ;
; 1.665 ; UARTReceiver:uart|UARTReceiverData:DP|DataRegister:shift_r|Dout[3]                                    ; UARTReceiver:uart|UARTReceiverData:DP|DataRegister:shift_r|Dout[2]                                    ; clk          ; clk         ; 0.000        ; 0.000      ; 1.886      ;
; 1.669 ; SMC:ram|SMCControl:cntrl|count_sig[0]                                                                 ; SMC:ram|SMCControl:cntrl|count_sig[0]                                                                 ; clk          ; clk         ; 0.000        ; 0.000      ; 1.890      ;
; 1.675 ; UARTReceiver:uart|UARTReceiverData:DP|UARTTicker:tc|UARTTickerControl:CP|state.S2                     ; UARTReceiver:uart|UARTReceiverData:DP|UARTTicker:tc|UARTTickerControl:CP|state.S3                     ; clk          ; clk         ; 0.000        ; 0.000      ; 1.896      ;
; 1.675 ; SMC:ram|SMCControl:cntrl|count_sig[0]                                                                 ; SMC:ram|SMCControl:cntrl|count_sig[1]                                                                 ; clk          ; clk         ; 0.000        ; 0.000      ; 1.896      ;
; 1.676 ; UARTReceiver:uart|UARTReceiverControl:CP|count_sig[0]                                                 ; UARTReceiver:uart|UARTReceiverControl:CP|count_sig[0]                                                 ; clk          ; clk         ; 0.000        ; 0.000      ; 1.897      ;
; 1.688 ; SMC:ram|SMCControl:cntrl|state.S8                                                                     ; SMC:ram|SMCControl:cntrl|state.S0                                                                     ; clk          ; clk         ; 0.000        ; 0.000      ; 1.909      ;
; 1.734 ; SMC:ram|SMCControl:cntrl|state.S3                                                                     ; SMC:ram|SMCData:data|DataRegister:ww|Dout[0]                                                          ; clk          ; clk         ; 0.000        ; 0.000      ; 1.955      ;
; 1.737 ; SMC:ram|SMCControl:cntrl|state.S3                                                                     ; SMC:ram|SMCControl:cntrl|state.S4                                                                     ; clk          ; clk         ; 0.000        ; 0.000      ; 1.958      ;
; 1.746 ; UARTReceiver:uart|UARTReceiverData:DP|DataRegister:count1|Dout[0]                                     ; UARTReceiver:uart|UARTReceiverData:DP|DataRegister:count1|Dout[0]                                     ; clk          ; clk         ; 0.000        ; 0.000      ; 1.967      ;
; 1.907 ; UARTReceiver:uart|UARTReceiverControl:CP|count_sig[28]                                                ; UARTReceiver:uart|UARTReceiverControl:CP|count_sig[28]                                                ; clk          ; clk         ; 0.000        ; 0.000      ; 2.128      ;
; 1.909 ; UARTReceiver:uart|UARTReceiverControl:CP|count_sig[11]                                                ; UARTReceiver:uart|UARTReceiverControl:CP|count_sig[11]                                                ; clk          ; clk         ; 0.000        ; 0.000      ; 2.130      ;
; 1.910 ; UARTReceiver:uart|UARTReceiverData:DP|DataRegister:shift_r|Dout[5]                                    ; UARTReceiver:uart|UARTReceiverData:DP|DataRegister:shift_r|Dout[4]                                    ; clk          ; clk         ; 0.000        ; 0.000      ; 2.131      ;
; 1.916 ; UARTReceiver:uart|UARTReceiverData:DP|DataRegister:shift_r|Dout[9]                                    ; UARTReceiver:uart|UARTReceiverData:DP|DataRegister:shift_r|Dout[8]                                    ; clk          ; clk         ; 0.000        ; 0.000      ; 2.137      ;
; 1.916 ; UARTReceiver:uart|UARTReceiverData:DP|DataRegister:shift_r|Dout[4]                                    ; UARTReceiver:uart|UARTReceiverData:DP|DataRegister:shift_r|Dout[3]                                    ; clk          ; clk         ; 0.000        ; 0.000      ; 2.137      ;
; 1.918 ; UARTReceiver:uart|UARTReceiverControl:CP|count_sig[26]                                                ; UARTReceiver:uart|UARTReceiverControl:CP|count_sig[26]                                                ; clk          ; clk         ; 0.000        ; 0.000      ; 2.139      ;
; 1.925 ; SMC:ram|SMCData:data|DataRegister:raddr|Dout[4]                                                       ; SMC:ram|SMCData:data|DataRegister:addr|Dout[4]                                                        ; clk          ; clk         ; 0.000        ; 0.000      ; 2.146      ;
; 1.941 ; SMC:ram|SMCData:data|DataRegister:raddr|Dout[13]                                                      ; SMC:ram|SMCData:data|DataRegister:addr|Dout[13]                                                       ; clk          ; clk         ; 0.000        ; 0.000      ; 2.162      ;
; 1.942 ; UARTReceiver:uart|UARTReceiverControl:CP|count_sig[20]                                                ; UARTReceiver:uart|UARTReceiverControl:CP|count_sig[20]                                                ; clk          ; clk         ; 0.000        ; 0.000      ; 2.163      ;
; 1.958 ; SMC:ram|SMCData:data|DataRegister:waddr|Dout[1]                                                       ; SMC:ram|SMCData:data|DataRegister:addr|Dout[1]                                                        ; clk          ; clk         ; 0.000        ; 0.000      ; 2.179      ;
; 1.965 ; SMC:ram|SMCData:data|DataRegister:waddr|Dout[2]                                                       ; SMC:ram|SMCData:data|DataRegister:addr|Dout[2]                                                        ; clk          ; clk         ; 0.000        ; 0.000      ; 2.186      ;
; 1.966 ; SMC:ram|SMCData:data|DataRegister:waddr|Dout[3]                                                       ; SMC:ram|SMCData:data|DataRegister:addr|Dout[3]                                                        ; clk          ; clk         ; 0.000        ; 0.000      ; 2.187      ;
; 1.986 ; SMC:ram|SMCData:data|DataRegister:ww|Dout[2]                                                          ; SMC:ram|SMCData:data|DataRegister:ww|Dout[2]                                                          ; clk          ; clk         ; 0.000        ; 0.000      ; 2.207      ;
; 1.990 ; SMC:ram|SMCData:data|DataRegister:ww|Dout[2]                                                          ; SMC:ram|SMCData:data|DataRegister:ww|Dout[3]                                                          ; clk          ; clk         ; 0.000        ; 0.000      ; 2.211      ;
; 2.013 ; UARTReceiver:uart|UARTReceiverControl:CP|state.S3                                                     ; UARTReceiver:uart|UARTReceiverControl:CP|state.S3                                                     ; clk          ; clk         ; 0.000        ; 0.000      ; 2.234      ;
; 2.021 ; UARTReceiver:uart|UARTReceiverControl:CP|state.S3                                                     ; UARTReceiver:uart|UARTReceiverControl:CP|state.S4                                                     ; clk          ; clk         ; 0.000        ; 0.000      ; 2.242      ;
; 2.022 ; SMC:ram|SMCData:data|DataRegister:ww|Dout[0]                                                          ; SMC:ram|SMCData:data|DataRegister:ww|Dout[1]                                                          ; clk          ; clk         ; 0.000        ; 0.000      ; 2.243      ;
; 2.061 ; UARTReceiver:uart|UARTReceiverControl:CP|count_sig[30]                                                ; UARTReceiver:uart|UARTReceiverControl:CP|count_sig[30]                                                ; clk          ; clk         ; 0.000        ; 0.000      ; 2.282      ;
; 2.072 ; UARTReceiver:uart|UARTReceiverControl:CP|count_sig[5]                                                 ; UARTReceiver:uart|UARTReceiverControl:CP|count_sig[5]                                                 ; clk          ; clk         ; 0.000        ; 0.000      ; 2.293      ;
; 2.080 ; UARTReceiver:uart|UARTReceiverData:DP|UARTTicker:tc|UARTTickerData:DP|DataRegister:count_reg|Dout[12] ; UARTReceiver:uart|UARTReceiverData:DP|UARTTicker:tc|UARTTickerData:DP|DataRegister:count_reg|Dout[12] ; clk          ; clk         ; 0.000        ; 0.000      ; 2.301      ;
; 2.087 ; UARTReceiver:uart|UARTReceiverControl:CP|count_sig[27]                                                ; UARTReceiver:uart|UARTReceiverControl:CP|count_sig[27]                                                ; clk          ; clk         ; 0.000        ; 0.000      ; 2.308      ;
; 2.107 ; SMC:ram|SMCData:data|DataRegister:rw|Dout[5]                                                          ; SMC:ram|SMCData:data|DataRegister:rw|Dout[5]                                                          ; clk          ; clk         ; 0.000        ; 0.000      ; 2.328      ;
; 2.107 ; SMC:ram|SMCData:data|DataRegister:rw|Dout[26]                                                         ; SMC:ram|SMCData:data|DataRegister:rw|Dout[26]                                                         ; clk          ; clk         ; 0.000        ; 0.000      ; 2.328      ;
; 2.107 ; SMC:ram|SMCData:data|DataRegister:waddr|Dout[6]                                                       ; SMC:ram|SMCData:data|DataRegister:waddr|Dout[6]                                                       ; clk          ; clk         ; 0.000        ; 0.000      ; 2.328      ;
; 2.107 ; SMC:ram|SMCData:data|DataRegister:raddr|Dout[6]                                                       ; SMC:ram|SMCData:data|DataRegister:raddr|Dout[6]                                                       ; clk          ; clk         ; 0.000        ; 0.000      ; 2.328      ;
; 2.107 ; UARTReceiver:uart|UARTReceiverControl:CP|count_sig[15]                                                ; UARTReceiver:uart|UARTReceiverControl:CP|count_sig[15]                                                ; clk          ; clk         ; 0.000        ; 0.000      ; 2.328      ;
; 2.108 ; SMC:ram|SMCData:data|DataRegister:rw|Dout[3]                                                          ; SMC:ram|SMCData:data|DataRegister:rw|Dout[3]                                                          ; clk          ; clk         ; 0.000        ; 0.000      ; 2.329      ;
; 2.108 ; SMC:ram|SMCData:data|DataRegister:waddr|Dout[4]                                                       ; SMC:ram|SMCData:data|DataRegister:waddr|Dout[4]                                                       ; clk          ; clk         ; 0.000        ; 0.000      ; 2.329      ;
; 2.108 ; UARTReceiver:uart|UARTReceiverControl:CP|count_sig[3]                                                 ; UARTReceiver:uart|UARTReceiverControl:CP|count_sig[3]                                                 ; clk          ; clk         ; 0.000        ; 0.000      ; 2.329      ;
; 2.108 ; UARTReceiver:uart|UARTReceiverControl:CP|count_sig[12]                                                ; UARTReceiver:uart|UARTReceiverControl:CP|count_sig[12]                                                ; clk          ; clk         ; 0.000        ; 0.000      ; 2.329      ;
; 2.116 ; SMC:ram|SMCData:data|DataRegister:rw|Dout[6]                                                          ; SMC:ram|SMCData:data|DataRegister:rw|Dout[6]                                                          ; clk          ; clk         ; 0.000        ; 0.000      ; 2.337      ;
; 2.116 ; SMC:ram|SMCData:data|DataRegister:rw|Dout[16]                                                         ; SMC:ram|SMCData:data|DataRegister:rw|Dout[16]                                                         ; clk          ; clk         ; 0.000        ; 0.000      ; 2.337      ;
; 2.116 ; SMC:ram|SMCData:data|DataRegister:waddr|Dout[7]                                                       ; SMC:ram|SMCData:data|DataRegister:waddr|Dout[7]                                                       ; clk          ; clk         ; 0.000        ; 0.000      ; 2.337      ;
; 2.116 ; SMC:ram|SMCData:data|DataRegister:raddr|Dout[7]                                                       ; SMC:ram|SMCData:data|DataRegister:raddr|Dout[7]                                                       ; clk          ; clk         ; 0.000        ; 0.000      ; 2.337      ;
; 2.117 ; UARTReceiver:uart|UARTReceiverData:DP|UARTTicker:tc|UARTTickerData:DP|DataRegister:count_reg|Dout[7]  ; UARTReceiver:uart|UARTReceiverData:DP|UARTTicker:tc|UARTTickerData:DP|DataRegister:count_reg|Dout[7]  ; clk          ; clk         ; 0.000        ; 0.000      ; 2.338      ;
; 2.117 ; UARTReceiver:uart|UARTReceiverData:DP|UARTTicker:tc|UARTTickerData:DP|DataRegister:count_reg|Dout[8]  ; UARTReceiver:uart|UARTReceiverData:DP|UARTTicker:tc|UARTTickerData:DP|DataRegister:count_reg|Dout[8]  ; clk          ; clk         ; 0.000        ; 0.000      ; 2.338      ;
; 2.117 ; SMC:ram|SMCData:data|DataRegister:rw|Dout[13]                                                         ; SMC:ram|SMCData:data|DataRegister:rw|Dout[13]                                                         ; clk          ; clk         ; 0.000        ; 0.000      ; 2.338      ;
; 2.117 ; SMC:ram|SMCData:data|DataRegister:rw|Dout[23]                                                         ; SMC:ram|SMCData:data|DataRegister:rw|Dout[23]                                                         ; clk          ; clk         ; 0.000        ; 0.000      ; 2.338      ;
; 2.117 ; SMC:ram|SMCData:data|DataRegister:rw|Dout[27]                                                         ; SMC:ram|SMCData:data|DataRegister:rw|Dout[27]                                                         ; clk          ; clk         ; 0.000        ; 0.000      ; 2.338      ;
; 2.117 ; SMC:ram|SMCData:data|DataRegister:rw|Dout[28]                                                         ; SMC:ram|SMCData:data|DataRegister:rw|Dout[28]                                                         ; clk          ; clk         ; 0.000        ; 0.000      ; 2.338      ;
; 2.117 ; SMC:ram|SMCData:data|DataRegister:waddr|Dout[8]                                                       ; SMC:ram|SMCData:data|DataRegister:waddr|Dout[8]                                                       ; clk          ; clk         ; 0.000        ; 0.000      ; 2.338      ;
; 2.117 ; SMC:ram|SMCData:data|DataRegister:raddr|Dout[8]                                                       ; SMC:ram|SMCData:data|DataRegister:raddr|Dout[8]                                                       ; clk          ; clk         ; 0.000        ; 0.000      ; 2.338      ;
; 2.117 ; SMC:ram|SMCData:data|DataRegister:waddr|Dout[9]                                                       ; SMC:ram|SMCData:data|DataRegister:waddr|Dout[9]                                                       ; clk          ; clk         ; 0.000        ; 0.000      ; 2.338      ;
; 2.117 ; SMC:ram|SMCData:data|DataRegister:raddr|Dout[9]                                                       ; SMC:ram|SMCData:data|DataRegister:raddr|Dout[9]                                                       ; clk          ; clk         ; 0.000        ; 0.000      ; 2.338      ;
; 2.117 ; SMC:ram|SMCData:data|DataRegister:waddr|Dout[14]                                                      ; SMC:ram|SMCData:data|DataRegister:waddr|Dout[14]                                                      ; clk          ; clk         ; 0.000        ; 0.000      ; 2.338      ;
; 2.117 ; SMC:ram|SMCData:data|DataRegister:raddr|Dout[14]                                                      ; SMC:ram|SMCData:data|DataRegister:raddr|Dout[14]                                                      ; clk          ; clk         ; 0.000        ; 0.000      ; 2.338      ;
; 2.117 ; UARTReceiver:uart|UARTReceiverControl:CP|count_sig[23]                                                ; UARTReceiver:uart|UARTReceiverControl:CP|count_sig[23]                                                ; clk          ; clk         ; 0.000        ; 0.000      ; 2.338      ;
; 2.117 ; UARTReceiver:uart|UARTReceiverControl:CP|count_sig[25]                                                ; UARTReceiver:uart|UARTReceiverControl:CP|count_sig[25]                                                ; clk          ; clk         ; 0.000        ; 0.000      ; 2.338      ;
; 2.120 ; UARTReceiver:uart|UARTReceiverData:DP|DataRegister:shift_r|Dout[8]                                    ; UARTReceiver:uart|UARTReceiverData:DP|DataRegister:shift_r|Dout[7]                                    ; clk          ; clk         ; 0.000        ; 0.000      ; 2.341      ;
; 2.125 ; UARTReceiver:uart|UARTReceiverControl:CP|count_sig[1]                                                 ; UARTReceiver:uart|UARTReceiverControl:CP|count_sig[1]                                                 ; clk          ; clk         ; 0.000        ; 0.000      ; 2.346      ;
; 2.126 ; UARTReceiver:uart|UARTReceiverData:DP|UARTTicker:tc|UARTTickerData:DP|DataRegister:count_reg|Dout[3]  ; UARTReceiver:uart|UARTReceiverData:DP|UARTTicker:tc|UARTTickerData:DP|DataRegister:count_reg|Dout[3]  ; clk          ; clk         ; 0.000        ; 0.000      ; 2.347      ;
; 2.126 ; SMC:ram|SMCData:data|DataRegister:rw|Dout[7]                                                          ; SMC:ram|SMCData:data|DataRegister:rw|Dout[7]                                                          ; clk          ; clk         ; 0.000        ; 0.000      ; 2.347      ;
; 2.126 ; SMC:ram|SMCData:data|DataRegister:rw|Dout[8]                                                          ; SMC:ram|SMCData:data|DataRegister:rw|Dout[8]                                                          ; clk          ; clk         ; 0.000        ; 0.000      ; 2.347      ;
; 2.126 ; SMC:ram|SMCControl:cntrl|count_sig[1]                                                                 ; SMC:ram|SMCControl:cntrl|count_sig[1]                                                                 ; clk          ; clk         ; 0.000        ; 0.000      ; 2.347      ;
; 2.126 ; SMC:ram|SMCData:data|DataRegister:rw|Dout[15]                                                         ; SMC:ram|SMCData:data|DataRegister:rw|Dout[15]                                                         ; clk          ; clk         ; 0.000        ; 0.000      ; 2.347      ;
; 2.126 ; SMC:ram|SMCData:data|DataRegister:rw|Dout[17]                                                         ; SMC:ram|SMCData:data|DataRegister:rw|Dout[17]                                                         ; clk          ; clk         ; 0.000        ; 0.000      ; 2.347      ;
; 2.126 ; SMC:ram|SMCData:data|DataRegister:rw|Dout[18]                                                         ; SMC:ram|SMCData:data|DataRegister:rw|Dout[18]                                                         ; clk          ; clk         ; 0.000        ; 0.000      ; 2.347      ;
; 2.126 ; SMC:ram|SMCData:data|DataRegister:rw|Dout[25]                                                         ; SMC:ram|SMCData:data|DataRegister:rw|Dout[25]                                                         ; clk          ; clk         ; 0.000        ; 0.000      ; 2.347      ;
; 2.126 ; UARTReceiver:uart|UARTReceiverControl:CP|count_sig[9]                                                 ; UARTReceiver:uart|UARTReceiverControl:CP|count_sig[9]                                                 ; clk          ; clk         ; 0.000        ; 0.000      ; 2.347      ;
; 2.126 ; UARTReceiver:uart|UARTReceiverControl:CP|count_sig[10]                                                ; UARTReceiver:uart|UARTReceiverControl:CP|count_sig[10]                                                ; clk          ; clk         ; 0.000        ; 0.000      ; 2.347      ;
; 2.126 ; UARTReceiver:uart|UARTReceiverControl:CP|count_sig[17]                                                ; UARTReceiver:uart|UARTReceiverControl:CP|count_sig[17]                                                ; clk          ; clk         ; 0.000        ; 0.000      ; 2.347      ;
; 2.127 ; SMC:ram|SMCData:data|DataRegister:raddr|Dout[4]                                                       ; SMC:ram|SMCData:data|DataRegister:raddr|Dout[4]                                                       ; clk          ; clk         ; 0.000        ; 0.000      ; 2.348      ;
; 2.130 ; UARTReceiver:uart|UARTReceiverData:DP|UARTTicker:tc|UARTTickerControl:CP|state.S4                     ; UARTReceiver:uart|UARTReceiverData:DP|UARTTicker:tc|UARTTickerControl:CP|state.S0                     ; clk          ; clk         ; 0.000        ; 0.000      ; 2.351      ;
; 2.135 ; UARTReceiver:uart|UARTReceiverData:DP|UARTTicker:tc|UARTTickerControl:CP|state.S2                     ; UARTReceiver:uart|UARTReceiverData:DP|UARTTicker:tc|UARTTickerControl:CP|state.S2                     ; clk          ; clk         ; 0.000        ; 0.000      ; 2.356      ;
; 2.135 ; UARTReceiver:uart|UARTReceiverControl:CP|count_sig[4]                                                 ; UARTReceiver:uart|UARTReceiverControl:CP|count_sig[4]                                                 ; clk          ; clk         ; 0.000        ; 0.000      ; 2.356      ;
; 2.135 ; UARTReceiver:uart|UARTReceiverControl:CP|count_sig[7]                                                 ; UARTReceiver:uart|UARTReceiverControl:CP|count_sig[7]                                                 ; clk          ; clk         ; 0.000        ; 0.000      ; 2.356      ;
; 2.141 ; SMC:ram|SMCData:data|DataRegister:ww|Dout[3]                                                          ; SMC:ram|SMCData:data|DataRegister:ww|Dout[3]                                                          ; clk          ; clk         ; 0.000        ; 0.000      ; 2.362      ;
; 2.142 ; UARTReceiver:uart|UARTReceiverData:DP|UARTTicker:tc|UARTTickerData:DP|DataRegister:count_reg|Dout[6]  ; UARTReceiver:uart|UARTReceiverData:DP|UARTTicker:tc|UARTTickerData:DP|DataRegister:count_reg|Dout[6]  ; clk          ; clk         ; 0.000        ; 0.000      ; 2.363      ;
; 2.144 ; UARTReceiver:uart|UARTReceiverData:DP|UARTTicker:tc|UARTTickerData:DP|DataRegister:count_reg|Dout[5]  ; UARTReceiver:uart|UARTReceiverData:DP|UARTTicker:tc|UARTTickerData:DP|DataRegister:count_reg|Dout[5]  ; clk          ; clk         ; 0.000        ; 0.000      ; 2.365      ;
; 2.169 ; UARTReceiver:uart|UARTReceiverData:DP|DataRegister:count1|Dout[1]                                     ; UARTReceiver:uart|UARTReceiverData:DP|DataRegister:count1|Dout[1]                                     ; clk          ; clk         ; 0.000        ; 0.000      ; 2.390      ;
; 2.193 ; SMC:ram|SMCData:data|DataRegister:ww|Dout[1]                                                          ; SMC:ram|SMCData:data|DataRegister:ww|Dout[1]                                                          ; clk          ; clk         ; 0.000        ; 0.000      ; 2.414      ;
; 2.196 ; SMC:ram|SMCControl:cntrl|state.S3                                                                     ; SMC:ram|SMCControl:cntrl|state.S3                                                                     ; clk          ; clk         ; 0.000        ; 0.000      ; 2.417      ;
; 2.198 ; SMC:ram|SMCData:data|DataRegister:ww|Dout[1]                                                          ; SMC:ram|SMCData:data|DataRegister:ww|Dout[2]                                                          ; clk          ; clk         ; 0.000        ; 0.000      ; 2.419      ;
; 2.212 ; SMC:ram|SMCData:data|DataRegister:rw|Dout[4]                                                          ; SMC:ram|SMCData:data|DataRegister:rw|Dout[4]                                                          ; clk          ; clk         ; 0.000        ; 0.000      ; 2.433      ;
; 2.212 ; SMC:ram|SMCData:data|DataRegister:rw|Dout[29]                                                         ; SMC:ram|SMCData:data|DataRegister:rw|Dout[29]                                                         ; clk          ; clk         ; 0.000        ; 0.000      ; 2.433      ;
; 2.212 ; UARTReceiver:uart|UARTReceiverControl:CP|count_sig[24]                                                ; UARTReceiver:uart|UARTReceiverControl:CP|count_sig[24]                                                ; clk          ; clk         ; 0.000        ; 0.000      ; 2.433      ;
; 2.221 ; SMC:ram|SMCData:data|DataRegister:rw|Dout[9]                                                          ; SMC:ram|SMCData:data|DataRegister:rw|Dout[9]                                                          ; clk          ; clk         ; 0.000        ; 0.000      ; 2.442      ;
; 2.221 ; SMC:ram|SMCData:data|DataRegister:rw|Dout[14]                                                         ; SMC:ram|SMCData:data|DataRegister:rw|Dout[14]                                                         ; clk          ; clk         ; 0.000        ; 0.000      ; 2.442      ;
; 2.221 ; SMC:ram|SMCData:data|DataRegister:rw|Dout[19]                                                         ; SMC:ram|SMCData:data|DataRegister:rw|Dout[19]                                                         ; clk          ; clk         ; 0.000        ; 0.000      ; 2.442      ;
; 2.221 ; SMC:ram|SMCData:data|DataRegister:rw|Dout[24]                                                         ; SMC:ram|SMCData:data|DataRegister:rw|Dout[24]                                                         ; clk          ; clk         ; 0.000        ; 0.000      ; 2.442      ;
; 2.221 ; SMC:ram|SMCData:data|DataRegister:rw|Dout[31]                                                         ; SMC:ram|SMCData:data|DataRegister:rw|Dout[31]                                                         ; clk          ; clk         ; 0.000        ; 0.000      ; 2.442      ;
; 2.221 ; UARTReceiver:uart|UARTReceiverControl:CP|count_sig[21]                                                ; UARTReceiver:uart|UARTReceiverControl:CP|count_sig[21]                                                ; clk          ; clk         ; 0.000        ; 0.000      ; 2.442      ;
+-------+-------------------------------------------------------------------------------------------------------+-------------------------------------------------------------------------------------------------------+--------------+-------------+--------------+------------+------------+


+--------------------------------------------------------------------------------------------------------------------------------------+
; Minimum Pulse Width: 'clk'                                                                                                           ;
+--------+--------------+----------------+------------------+-------+------------+-----------------------------------------------------+
; Slack  ; Actual Width ; Required Width ; Type             ; Clock ; Clock Edge ; Target                                              ;
+--------+--------------+----------------+------------------+-------+------------+-----------------------------------------------------+
; -2.289 ; 1.000        ; 3.289          ; Port Rate        ; clk   ; Rise       ; clk                                                 ;
; 0.234  ; 0.500        ; 0.266          ; High Pulse Width ; clk   ; Rise       ; SMC:ram|SMCControl:cntrl|count_sig[0]               ;
; 0.234  ; 0.500        ; 0.266          ; Low Pulse Width  ; clk   ; Rise       ; SMC:ram|SMCControl:cntrl|count_sig[0]               ;
; 0.234  ; 0.500        ; 0.266          ; High Pulse Width ; clk   ; Rise       ; SMC:ram|SMCControl:cntrl|count_sig[1]               ;
; 0.234  ; 0.500        ; 0.266          ; Low Pulse Width  ; clk   ; Rise       ; SMC:ram|SMCControl:cntrl|count_sig[1]               ;
; 0.234  ; 0.500        ; 0.266          ; High Pulse Width ; clk   ; Rise       ; SMC:ram|SMCControl:cntrl|state.S0                   ;
; 0.234  ; 0.500        ; 0.266          ; Low Pulse Width  ; clk   ; Rise       ; SMC:ram|SMCControl:cntrl|state.S0                   ;
; 0.234  ; 0.500        ; 0.266          ; High Pulse Width ; clk   ; Rise       ; SMC:ram|SMCControl:cntrl|state.S1                   ;
; 0.234  ; 0.500        ; 0.266          ; Low Pulse Width  ; clk   ; Rise       ; SMC:ram|SMCControl:cntrl|state.S1                   ;
; 0.234  ; 0.500        ; 0.266          ; High Pulse Width ; clk   ; Rise       ; SMC:ram|SMCControl:cntrl|state.S2                   ;
; 0.234  ; 0.500        ; 0.266          ; Low Pulse Width  ; clk   ; Rise       ; SMC:ram|SMCControl:cntrl|state.S2                   ;
; 0.234  ; 0.500        ; 0.266          ; High Pulse Width ; clk   ; Rise       ; SMC:ram|SMCControl:cntrl|state.S3                   ;
; 0.234  ; 0.500        ; 0.266          ; Low Pulse Width  ; clk   ; Rise       ; SMC:ram|SMCControl:cntrl|state.S3                   ;
; 0.234  ; 0.500        ; 0.266          ; High Pulse Width ; clk   ; Rise       ; SMC:ram|SMCControl:cntrl|state.S4                   ;
; 0.234  ; 0.500        ; 0.266          ; Low Pulse Width  ; clk   ; Rise       ; SMC:ram|SMCControl:cntrl|state.S4                   ;
; 0.234  ; 0.500        ; 0.266          ; High Pulse Width ; clk   ; Rise       ; SMC:ram|SMCControl:cntrl|state.S5                   ;
; 0.234  ; 0.500        ; 0.266          ; Low Pulse Width  ; clk   ; Rise       ; SMC:ram|SMCControl:cntrl|state.S5                   ;
; 0.234  ; 0.500        ; 0.266          ; High Pulse Width ; clk   ; Rise       ; SMC:ram|SMCControl:cntrl|state.S6                   ;
; 0.234  ; 0.500        ; 0.266          ; Low Pulse Width  ; clk   ; Rise       ; SMC:ram|SMCControl:cntrl|state.S6                   ;
; 0.234  ; 0.500        ; 0.266          ; High Pulse Width ; clk   ; Rise       ; SMC:ram|SMCControl:cntrl|state.S7                   ;
; 0.234  ; 0.500        ; 0.266          ; Low Pulse Width  ; clk   ; Rise       ; SMC:ram|SMCControl:cntrl|state.S7                   ;
; 0.234  ; 0.500        ; 0.266          ; High Pulse Width ; clk   ; Rise       ; SMC:ram|SMCControl:cntrl|state.S8                   ;
; 0.234  ; 0.500        ; 0.266          ; Low Pulse Width  ; clk   ; Rise       ; SMC:ram|SMCControl:cntrl|state.S8                   ;
; 0.234  ; 0.500        ; 0.266          ; High Pulse Width ; clk   ; Rise       ; SMC:ram|SMCData:data|DataRegister:addr|Dout[0]      ;
; 0.234  ; 0.500        ; 0.266          ; Low Pulse Width  ; clk   ; Rise       ; SMC:ram|SMCData:data|DataRegister:addr|Dout[0]      ;
; 0.234  ; 0.500        ; 0.266          ; High Pulse Width ; clk   ; Rise       ; SMC:ram|SMCData:data|DataRegister:addr|Dout[10]     ;
; 0.234  ; 0.500        ; 0.266          ; Low Pulse Width  ; clk   ; Rise       ; SMC:ram|SMCData:data|DataRegister:addr|Dout[10]     ;
; 0.234  ; 0.500        ; 0.266          ; High Pulse Width ; clk   ; Rise       ; SMC:ram|SMCData:data|DataRegister:addr|Dout[11]     ;
; 0.234  ; 0.500        ; 0.266          ; Low Pulse Width  ; clk   ; Rise       ; SMC:ram|SMCData:data|DataRegister:addr|Dout[11]     ;
; 0.234  ; 0.500        ; 0.266          ; High Pulse Width ; clk   ; Rise       ; SMC:ram|SMCData:data|DataRegister:addr|Dout[12]     ;
; 0.234  ; 0.500        ; 0.266          ; Low Pulse Width  ; clk   ; Rise       ; SMC:ram|SMCData:data|DataRegister:addr|Dout[12]     ;
; 0.234  ; 0.500        ; 0.266          ; High Pulse Width ; clk   ; Rise       ; SMC:ram|SMCData:data|DataRegister:addr|Dout[13]     ;
; 0.234  ; 0.500        ; 0.266          ; Low Pulse Width  ; clk   ; Rise       ; SMC:ram|SMCData:data|DataRegister:addr|Dout[13]     ;
; 0.234  ; 0.500        ; 0.266          ; High Pulse Width ; clk   ; Rise       ; SMC:ram|SMCData:data|DataRegister:addr|Dout[14]     ;
; 0.234  ; 0.500        ; 0.266          ; Low Pulse Width  ; clk   ; Rise       ; SMC:ram|SMCData:data|DataRegister:addr|Dout[14]     ;
; 0.234  ; 0.500        ; 0.266          ; High Pulse Width ; clk   ; Rise       ; SMC:ram|SMCData:data|DataRegister:addr|Dout[1]      ;
; 0.234  ; 0.500        ; 0.266          ; Low Pulse Width  ; clk   ; Rise       ; SMC:ram|SMCData:data|DataRegister:addr|Dout[1]      ;
; 0.234  ; 0.500        ; 0.266          ; High Pulse Width ; clk   ; Rise       ; SMC:ram|SMCData:data|DataRegister:addr|Dout[2]      ;
; 0.234  ; 0.500        ; 0.266          ; Low Pulse Width  ; clk   ; Rise       ; SMC:ram|SMCData:data|DataRegister:addr|Dout[2]      ;
; 0.234  ; 0.500        ; 0.266          ; High Pulse Width ; clk   ; Rise       ; SMC:ram|SMCData:data|DataRegister:addr|Dout[3]      ;
; 0.234  ; 0.500        ; 0.266          ; Low Pulse Width  ; clk   ; Rise       ; SMC:ram|SMCData:data|DataRegister:addr|Dout[3]      ;
; 0.234  ; 0.500        ; 0.266          ; High Pulse Width ; clk   ; Rise       ; SMC:ram|SMCData:data|DataRegister:addr|Dout[4]      ;
; 0.234  ; 0.500        ; 0.266          ; Low Pulse Width  ; clk   ; Rise       ; SMC:ram|SMCData:data|DataRegister:addr|Dout[4]      ;
; 0.234  ; 0.500        ; 0.266          ; High Pulse Width ; clk   ; Rise       ; SMC:ram|SMCData:data|DataRegister:addr|Dout[5]      ;
; 0.234  ; 0.500        ; 0.266          ; Low Pulse Width  ; clk   ; Rise       ; SMC:ram|SMCData:data|DataRegister:addr|Dout[5]      ;
; 0.234  ; 0.500        ; 0.266          ; High Pulse Width ; clk   ; Rise       ; SMC:ram|SMCData:data|DataRegister:addr|Dout[6]      ;
; 0.234  ; 0.500        ; 0.266          ; Low Pulse Width  ; clk   ; Rise       ; SMC:ram|SMCData:data|DataRegister:addr|Dout[6]      ;
; 0.234  ; 0.500        ; 0.266          ; High Pulse Width ; clk   ; Rise       ; SMC:ram|SMCData:data|DataRegister:addr|Dout[7]      ;
; 0.234  ; 0.500        ; 0.266          ; Low Pulse Width  ; clk   ; Rise       ; SMC:ram|SMCData:data|DataRegister:addr|Dout[7]      ;
; 0.234  ; 0.500        ; 0.266          ; High Pulse Width ; clk   ; Rise       ; SMC:ram|SMCData:data|DataRegister:addr|Dout[8]      ;
; 0.234  ; 0.500        ; 0.266          ; Low Pulse Width  ; clk   ; Rise       ; SMC:ram|SMCData:data|DataRegister:addr|Dout[8]      ;
; 0.234  ; 0.500        ; 0.266          ; High Pulse Width ; clk   ; Rise       ; SMC:ram|SMCData:data|DataRegister:addr|Dout[9]      ;
; 0.234  ; 0.500        ; 0.266          ; Low Pulse Width  ; clk   ; Rise       ; SMC:ram|SMCData:data|DataRegister:addr|Dout[9]      ;
; 0.234  ; 0.500        ; 0.266          ; High Pulse Width ; clk   ; Rise       ; SMC:ram|SMCData:data|DataRegister:output|Dout[0]    ;
; 0.234  ; 0.500        ; 0.266          ; Low Pulse Width  ; clk   ; Rise       ; SMC:ram|SMCData:data|DataRegister:output|Dout[0]    ;
; 0.234  ; 0.500        ; 0.266          ; High Pulse Width ; clk   ; Rise       ; SMC:ram|SMCData:data|DataRegister:output|Dout[1]    ;
; 0.234  ; 0.500        ; 0.266          ; Low Pulse Width  ; clk   ; Rise       ; SMC:ram|SMCData:data|DataRegister:output|Dout[1]    ;
; 0.234  ; 0.500        ; 0.266          ; High Pulse Width ; clk   ; Rise       ; SMC:ram|SMCData:data|DataRegister:output|Dout[2]    ;
; 0.234  ; 0.500        ; 0.266          ; Low Pulse Width  ; clk   ; Rise       ; SMC:ram|SMCData:data|DataRegister:output|Dout[2]    ;
; 0.234  ; 0.500        ; 0.266          ; High Pulse Width ; clk   ; Rise       ; SMC:ram|SMCData:data|DataRegister:output|Dout[3]    ;
; 0.234  ; 0.500        ; 0.266          ; Low Pulse Width  ; clk   ; Rise       ; SMC:ram|SMCData:data|DataRegister:output|Dout[3]    ;
; 0.234  ; 0.500        ; 0.266          ; High Pulse Width ; clk   ; Rise       ; SMC:ram|SMCData:data|DataRegister:output|Dout[4]    ;
; 0.234  ; 0.500        ; 0.266          ; Low Pulse Width  ; clk   ; Rise       ; SMC:ram|SMCData:data|DataRegister:output|Dout[4]    ;
; 0.234  ; 0.500        ; 0.266          ; High Pulse Width ; clk   ; Rise       ; SMC:ram|SMCData:data|DataRegister:output|Dout[5]    ;
; 0.234  ; 0.500        ; 0.266          ; Low Pulse Width  ; clk   ; Rise       ; SMC:ram|SMCData:data|DataRegister:output|Dout[5]    ;
; 0.234  ; 0.500        ; 0.266          ; High Pulse Width ; clk   ; Rise       ; SMC:ram|SMCData:data|DataRegister:output|Dout[6]    ;
; 0.234  ; 0.500        ; 0.266          ; Low Pulse Width  ; clk   ; Rise       ; SMC:ram|SMCData:data|DataRegister:output|Dout[6]    ;
; 0.234  ; 0.500        ; 0.266          ; High Pulse Width ; clk   ; Rise       ; SMC:ram|SMCData:data|DataRegister:output|Dout[7]    ;
; 0.234  ; 0.500        ; 0.266          ; Low Pulse Width  ; clk   ; Rise       ; SMC:ram|SMCData:data|DataRegister:output|Dout[7]    ;
; 0.234  ; 0.500        ; 0.266          ; High Pulse Width ; clk   ; Rise       ; SMC:ram|SMCData:data|DataRegister:raddr|Dout[0]     ;
; 0.234  ; 0.500        ; 0.266          ; Low Pulse Width  ; clk   ; Rise       ; SMC:ram|SMCData:data|DataRegister:raddr|Dout[0]     ;
; 0.234  ; 0.500        ; 0.266          ; High Pulse Width ; clk   ; Rise       ; SMC:ram|SMCData:data|DataRegister:raddr|Dout[10]    ;
; 0.234  ; 0.500        ; 0.266          ; Low Pulse Width  ; clk   ; Rise       ; SMC:ram|SMCData:data|DataRegister:raddr|Dout[10]    ;
; 0.234  ; 0.500        ; 0.266          ; High Pulse Width ; clk   ; Rise       ; SMC:ram|SMCData:data|DataRegister:raddr|Dout[11]    ;
; 0.234  ; 0.500        ; 0.266          ; Low Pulse Width  ; clk   ; Rise       ; SMC:ram|SMCData:data|DataRegister:raddr|Dout[11]    ;
; 0.234  ; 0.500        ; 0.266          ; High Pulse Width ; clk   ; Rise       ; SMC:ram|SMCData:data|DataRegister:raddr|Dout[12]    ;
; 0.234  ; 0.500        ; 0.266          ; Low Pulse Width  ; clk   ; Rise       ; SMC:ram|SMCData:data|DataRegister:raddr|Dout[12]    ;
; 0.234  ; 0.500        ; 0.266          ; High Pulse Width ; clk   ; Rise       ; SMC:ram|SMCData:data|DataRegister:raddr|Dout[13]    ;
; 0.234  ; 0.500        ; 0.266          ; Low Pulse Width  ; clk   ; Rise       ; SMC:ram|SMCData:data|DataRegister:raddr|Dout[13]    ;
; 0.234  ; 0.500        ; 0.266          ; High Pulse Width ; clk   ; Rise       ; SMC:ram|SMCData:data|DataRegister:raddr|Dout[14]    ;
; 0.234  ; 0.500        ; 0.266          ; Low Pulse Width  ; clk   ; Rise       ; SMC:ram|SMCData:data|DataRegister:raddr|Dout[14]    ;
; 0.234  ; 0.500        ; 0.266          ; High Pulse Width ; clk   ; Rise       ; SMC:ram|SMCData:data|DataRegister:raddr|Dout[1]     ;
; 0.234  ; 0.500        ; 0.266          ; Low Pulse Width  ; clk   ; Rise       ; SMC:ram|SMCData:data|DataRegister:raddr|Dout[1]     ;
; 0.234  ; 0.500        ; 0.266          ; High Pulse Width ; clk   ; Rise       ; SMC:ram|SMCData:data|DataRegister:raddr|Dout[2]     ;
; 0.234  ; 0.500        ; 0.266          ; Low Pulse Width  ; clk   ; Rise       ; SMC:ram|SMCData:data|DataRegister:raddr|Dout[2]     ;
; 0.234  ; 0.500        ; 0.266          ; High Pulse Width ; clk   ; Rise       ; SMC:ram|SMCData:data|DataRegister:raddr|Dout[3]     ;
; 0.234  ; 0.500        ; 0.266          ; Low Pulse Width  ; clk   ; Rise       ; SMC:ram|SMCData:data|DataRegister:raddr|Dout[3]     ;
; 0.234  ; 0.500        ; 0.266          ; High Pulse Width ; clk   ; Rise       ; SMC:ram|SMCData:data|DataRegister:raddr|Dout[4]     ;
; 0.234  ; 0.500        ; 0.266          ; Low Pulse Width  ; clk   ; Rise       ; SMC:ram|SMCData:data|DataRegister:raddr|Dout[4]     ;
; 0.234  ; 0.500        ; 0.266          ; High Pulse Width ; clk   ; Rise       ; SMC:ram|SMCData:data|DataRegister:raddr|Dout[5]     ;
; 0.234  ; 0.500        ; 0.266          ; Low Pulse Width  ; clk   ; Rise       ; SMC:ram|SMCData:data|DataRegister:raddr|Dout[5]     ;
; 0.234  ; 0.500        ; 0.266          ; High Pulse Width ; clk   ; Rise       ; SMC:ram|SMCData:data|DataRegister:raddr|Dout[6]     ;
; 0.234  ; 0.500        ; 0.266          ; Low Pulse Width  ; clk   ; Rise       ; SMC:ram|SMCData:data|DataRegister:raddr|Dout[6]     ;
; 0.234  ; 0.500        ; 0.266          ; High Pulse Width ; clk   ; Rise       ; SMC:ram|SMCData:data|DataRegister:raddr|Dout[7]     ;
; 0.234  ; 0.500        ; 0.266          ; Low Pulse Width  ; clk   ; Rise       ; SMC:ram|SMCData:data|DataRegister:raddr|Dout[7]     ;
; 0.234  ; 0.500        ; 0.266          ; High Pulse Width ; clk   ; Rise       ; SMC:ram|SMCData:data|DataRegister:raddr|Dout[8]     ;
; 0.234  ; 0.500        ; 0.266          ; Low Pulse Width  ; clk   ; Rise       ; SMC:ram|SMCData:data|DataRegister:raddr|Dout[8]     ;
; 0.234  ; 0.500        ; 0.266          ; High Pulse Width ; clk   ; Rise       ; SMC:ram|SMCData:data|DataRegister:raddr|Dout[9]     ;
; 0.234  ; 0.500        ; 0.266          ; Low Pulse Width  ; clk   ; Rise       ; SMC:ram|SMCData:data|DataRegister:raddr|Dout[9]     ;
; 0.234  ; 0.500        ; 0.266          ; High Pulse Width ; clk   ; Rise       ; SMC:ram|SMCData:data|DataRegister:rw_limit0|Dout[0] ;
+--------+--------------+----------------+------------------+-------+------------+-----------------------------------------------------+


+---------------------------------------------------------------------------+
; Setup Times                                                               ;
+-------------+------------+--------+--------+------------+-----------------+
; Data Port   ; Clock Port ; Rise   ; Fall   ; Clock Edge ; Clock Reference ;
+-------------+------------+--------+--------+------------+-----------------+
; data_in     ; clk        ; 5.262  ; 5.262  ; Rise       ; clk             ;
; io[*]       ; clk        ; 2.862  ; 2.862  ; Rise       ; clk             ;
;  io[0]      ; clk        ; 2.861  ; 2.861  ; Rise       ; clk             ;
;  io[1]      ; clk        ; 2.310  ; 2.310  ; Rise       ; clk             ;
;  io[2]      ; clk        ; 2.330  ; 2.330  ; Rise       ; clk             ;
;  io[3]      ; clk        ; 2.288  ; 2.288  ; Rise       ; clk             ;
;  io[4]      ; clk        ; 2.852  ; 2.852  ; Rise       ; clk             ;
;  io[5]      ; clk        ; 2.835  ; 2.835  ; Rise       ; clk             ;
;  io[6]      ; clk        ; 2.862  ; 2.862  ; Rise       ; clk             ;
;  io[7]      ; clk        ; 2.334  ; 2.334  ; Rise       ; clk             ;
; read_data   ; clk        ; 6.060  ; 6.060  ; Rise       ; clk             ;
; reset       ; clk        ; 11.671 ; 11.671 ; Rise       ; clk             ;
; sample_rate ; clk        ; 10.100 ; 10.100 ; Rise       ; clk             ;
+-------------+------------+--------+--------+------------+-----------------+


+---------------------------------------------------------------------------+
; Hold Times                                                                ;
+-------------+------------+--------+--------+------------+-----------------+
; Data Port   ; Clock Port ; Rise   ; Fall   ; Clock Edge ; Clock Reference ;
+-------------+------------+--------+--------+------------+-----------------+
; data_in     ; clk        ; -2.254 ; -2.254 ; Rise       ; clk             ;
; io[*]       ; clk        ; -1.734 ; -1.734 ; Rise       ; clk             ;
;  io[0]      ; clk        ; -2.307 ; -2.307 ; Rise       ; clk             ;
;  io[1]      ; clk        ; -1.756 ; -1.756 ; Rise       ; clk             ;
;  io[2]      ; clk        ; -1.776 ; -1.776 ; Rise       ; clk             ;
;  io[3]      ; clk        ; -1.734 ; -1.734 ; Rise       ; clk             ;
;  io[4]      ; clk        ; -2.298 ; -2.298 ; Rise       ; clk             ;
;  io[5]      ; clk        ; -2.281 ; -2.281 ; Rise       ; clk             ;
;  io[6]      ; clk        ; -2.308 ; -2.308 ; Rise       ; clk             ;
;  io[7]      ; clk        ; -1.780 ; -1.780 ; Rise       ; clk             ;
; read_data   ; clk        ; -2.912 ; -2.912 ; Rise       ; clk             ;
; reset       ; clk        ; -2.410 ; -2.410 ; Rise       ; clk             ;
; sample_rate ; clk        ; -3.213 ; -3.213 ; Rise       ; clk             ;
+-------------+------------+--------+--------+------------+-----------------+


+-------------------------------------------------------------------------------+
; Clock to Output Times                                                         ;
+-----------------+------------+--------+--------+------------+-----------------+
; Data Port       ; Clock Port ; Rise   ; Fall   ; Clock Edge ; Clock Reference ;
+-----------------+------------+--------+--------+------------+-----------------+
; CS              ; clk        ; 9.622  ; 9.622  ; Rise       ; clk             ;
; OE              ; clk        ; 9.681  ; 9.681  ; Rise       ; clk             ;
; WE              ; clk        ; 9.432  ; 9.432  ; Rise       ; clk             ;
; address[*]      ; clk        ; 9.550  ; 9.550  ; Rise       ; clk             ;
;  address[0]     ; clk        ; 8.893  ; 8.893  ; Rise       ; clk             ;
;  address[1]     ; clk        ; 8.861  ; 8.861  ; Rise       ; clk             ;
;  address[2]     ; clk        ; 8.964  ; 8.964  ; Rise       ; clk             ;
;  address[3]     ; clk        ; 8.879  ; 8.879  ; Rise       ; clk             ;
;  address[4]     ; clk        ; 8.365  ; 8.365  ; Rise       ; clk             ;
;  address[5]     ; clk        ; 8.469  ; 8.469  ; Rise       ; clk             ;
;  address[6]     ; clk        ; 7.198  ; 7.198  ; Rise       ; clk             ;
;  address[7]     ; clk        ; 7.204  ; 7.204  ; Rise       ; clk             ;
;  address[8]     ; clk        ; 7.204  ; 7.204  ; Rise       ; clk             ;
;  address[9]     ; clk        ; 8.287  ; 8.287  ; Rise       ; clk             ;
;  address[10]    ; clk        ; 9.057  ; 9.057  ; Rise       ; clk             ;
;  address[11]    ; clk        ; 8.291  ; 8.291  ; Rise       ; clk             ;
;  address[12]    ; clk        ; 8.856  ; 8.856  ; Rise       ; clk             ;
;  address[13]    ; clk        ; 9.510  ; 9.510  ; Rise       ; clk             ;
;  address[14]    ; clk        ; 9.550  ; 9.550  ; Rise       ; clk             ;
; debug[*]        ; clk        ; 9.545  ; 9.545  ; Rise       ; clk             ;
;  debug[0]       ; clk        ; 8.435  ; 8.435  ; Rise       ; clk             ;
;  debug[1]       ; clk        ; 8.350  ; 8.350  ; Rise       ; clk             ;
;  debug[2]       ; clk        ; 8.937  ; 8.937  ; Rise       ; clk             ;
;  debug[3]       ; clk        ; 9.131  ; 9.131  ; Rise       ; clk             ;
;  debug[4]       ; clk        ; 9.099  ; 9.099  ; Rise       ; clk             ;
;  debug[5]       ; clk        ; 9.084  ; 9.084  ; Rise       ; clk             ;
;  debug[6]       ; clk        ; 9.545  ; 9.545  ; Rise       ; clk             ;
;  debug[7]       ; clk        ; 8.586  ; 8.586  ; Rise       ; clk             ;
; debug1[*]       ; clk        ; 9.828  ; 9.828  ; Rise       ; clk             ;
;  debug1[0]      ; clk        ; 9.136  ; 9.136  ; Rise       ; clk             ;
;  debug1[1]      ; clk        ; 9.747  ; 9.747  ; Rise       ; clk             ;
;  debug1[2]      ; clk        ; 9.640  ; 9.640  ; Rise       ; clk             ;
;  debug1[3]      ; clk        ; 9.768  ; 9.768  ; Rise       ; clk             ;
;  debug1[4]      ; clk        ; 9.134  ; 9.134  ; Rise       ; clk             ;
;  debug1[5]      ; clk        ; 9.630  ; 9.630  ; Rise       ; clk             ;
;  debug1[6]      ; clk        ; 9.828  ; 9.828  ; Rise       ; clk             ;
;  debug1[7]      ; clk        ; 9.664  ; 9.664  ; Rise       ; clk             ;
; io[*]           ; clk        ; 9.703  ; 9.703  ; Rise       ; clk             ;
;  io[0]          ; clk        ; 8.462  ; 8.462  ; Rise       ; clk             ;
;  io[1]          ; clk        ; 8.361  ; 8.361  ; Rise       ; clk             ;
;  io[2]          ; clk        ; 8.482  ; 8.482  ; Rise       ; clk             ;
;  io[3]          ; clk        ; 9.703  ; 9.703  ; Rise       ; clk             ;
;  io[4]          ; clk        ; 8.936  ; 8.936  ; Rise       ; clk             ;
;  io[5]          ; clk        ; 8.336  ; 8.336  ; Rise       ; clk             ;
;  io[6]          ; clk        ; 8.915  ; 8.915  ; Rise       ; clk             ;
;  io[7]          ; clk        ; 8.346  ; 8.346  ; Rise       ; clk             ;
; output_data[*]  ; clk        ; 10.412 ; 10.412 ; Rise       ; clk             ;
;  output_data[0] ; clk        ; 9.136  ; 9.136  ; Rise       ; clk             ;
;  output_data[1] ; clk        ; 10.014 ; 10.014 ; Rise       ; clk             ;
;  output_data[2] ; clk        ; 9.829  ; 9.829  ; Rise       ; clk             ;
;  output_data[3] ; clk        ; 10.349 ; 10.349 ; Rise       ; clk             ;
;  output_data[4] ; clk        ; 10.239 ; 10.239 ; Rise       ; clk             ;
;  output_data[5] ; clk        ; 10.412 ; 10.412 ; Rise       ; clk             ;
;  output_data[6] ; clk        ; 10.403 ; 10.403 ; Rise       ; clk             ;
;  output_data[7] ; clk        ; 9.967  ; 9.967  ; Rise       ; clk             ;
+-----------------+------------+--------+--------+------------+-----------------+


+-------------------------------------------------------------------------------+
; Minimum Clock to Output Times                                                 ;
+-----------------+------------+--------+--------+------------+-----------------+
; Data Port       ; Clock Port ; Rise   ; Fall   ; Clock Edge ; Clock Reference ;
+-----------------+------------+--------+--------+------------+-----------------+
; CS              ; clk        ; 9.622  ; 9.622  ; Rise       ; clk             ;
; OE              ; clk        ; 9.681  ; 9.681  ; Rise       ; clk             ;
; WE              ; clk        ; 9.432  ; 9.432  ; Rise       ; clk             ;
; address[*]      ; clk        ; 7.198  ; 7.198  ; Rise       ; clk             ;
;  address[0]     ; clk        ; 8.893  ; 8.893  ; Rise       ; clk             ;
;  address[1]     ; clk        ; 8.861  ; 8.861  ; Rise       ; clk             ;
;  address[2]     ; clk        ; 8.964  ; 8.964  ; Rise       ; clk             ;
;  address[3]     ; clk        ; 8.879  ; 8.879  ; Rise       ; clk             ;
;  address[4]     ; clk        ; 8.365  ; 8.365  ; Rise       ; clk             ;
;  address[5]     ; clk        ; 8.469  ; 8.469  ; Rise       ; clk             ;
;  address[6]     ; clk        ; 7.198  ; 7.198  ; Rise       ; clk             ;
;  address[7]     ; clk        ; 7.204  ; 7.204  ; Rise       ; clk             ;
;  address[8]     ; clk        ; 7.204  ; 7.204  ; Rise       ; clk             ;
;  address[9]     ; clk        ; 8.287  ; 8.287  ; Rise       ; clk             ;
;  address[10]    ; clk        ; 9.057  ; 9.057  ; Rise       ; clk             ;
;  address[11]    ; clk        ; 8.291  ; 8.291  ; Rise       ; clk             ;
;  address[12]    ; clk        ; 8.856  ; 8.856  ; Rise       ; clk             ;
;  address[13]    ; clk        ; 9.510  ; 9.510  ; Rise       ; clk             ;
;  address[14]    ; clk        ; 9.550  ; 9.550  ; Rise       ; clk             ;
; debug[*]        ; clk        ; 8.350  ; 8.350  ; Rise       ; clk             ;
;  debug[0]       ; clk        ; 8.435  ; 8.435  ; Rise       ; clk             ;
;  debug[1]       ; clk        ; 8.350  ; 8.350  ; Rise       ; clk             ;
;  debug[2]       ; clk        ; 8.937  ; 8.937  ; Rise       ; clk             ;
;  debug[3]       ; clk        ; 9.131  ; 9.131  ; Rise       ; clk             ;
;  debug[4]       ; clk        ; 9.099  ; 9.099  ; Rise       ; clk             ;
;  debug[5]       ; clk        ; 9.084  ; 9.084  ; Rise       ; clk             ;
;  debug[6]       ; clk        ; 9.545  ; 9.545  ; Rise       ; clk             ;
;  debug[7]       ; clk        ; 8.586  ; 8.586  ; Rise       ; clk             ;
; debug1[*]       ; clk        ; 9.134  ; 9.134  ; Rise       ; clk             ;
;  debug1[0]      ; clk        ; 9.136  ; 9.136  ; Rise       ; clk             ;
;  debug1[1]      ; clk        ; 9.747  ; 9.747  ; Rise       ; clk             ;
;  debug1[2]      ; clk        ; 9.640  ; 9.640  ; Rise       ; clk             ;
;  debug1[3]      ; clk        ; 9.768  ; 9.768  ; Rise       ; clk             ;
;  debug1[4]      ; clk        ; 9.134  ; 9.134  ; Rise       ; clk             ;
;  debug1[5]      ; clk        ; 9.630  ; 9.630  ; Rise       ; clk             ;
;  debug1[6]      ; clk        ; 9.828  ; 9.828  ; Rise       ; clk             ;
;  debug1[7]      ; clk        ; 9.664  ; 9.664  ; Rise       ; clk             ;
; io[*]           ; clk        ; 8.336  ; 8.336  ; Rise       ; clk             ;
;  io[0]          ; clk        ; 8.462  ; 8.462  ; Rise       ; clk             ;
;  io[1]          ; clk        ; 8.361  ; 8.361  ; Rise       ; clk             ;
;  io[2]          ; clk        ; 8.482  ; 8.482  ; Rise       ; clk             ;
;  io[3]          ; clk        ; 9.703  ; 9.703  ; Rise       ; clk             ;
;  io[4]          ; clk        ; 8.936  ; 8.936  ; Rise       ; clk             ;
;  io[5]          ; clk        ; 8.336  ; 8.336  ; Rise       ; clk             ;
;  io[6]          ; clk        ; 8.915  ; 8.915  ; Rise       ; clk             ;
;  io[7]          ; clk        ; 8.346  ; 8.346  ; Rise       ; clk             ;
; output_data[*]  ; clk        ; 9.136  ; 9.136  ; Rise       ; clk             ;
;  output_data[0] ; clk        ; 9.136  ; 9.136  ; Rise       ; clk             ;
;  output_data[1] ; clk        ; 10.014 ; 10.014 ; Rise       ; clk             ;
;  output_data[2] ; clk        ; 9.829  ; 9.829  ; Rise       ; clk             ;
;  output_data[3] ; clk        ; 10.349 ; 10.349 ; Rise       ; clk             ;
;  output_data[4] ; clk        ; 10.239 ; 10.239 ; Rise       ; clk             ;
;  output_data[5] ; clk        ; 10.412 ; 10.412 ; Rise       ; clk             ;
;  output_data[6] ; clk        ; 10.403 ; 10.403 ; Rise       ; clk             ;
;  output_data[7] ; clk        ; 9.967  ; 9.967  ; Rise       ; clk             ;
+-----------------+------------+--------+--------+------------+-----------------+


+------------------------------------------------------+
; Propagation Delay                                    ;
+------------+-------------+--------+----+----+--------+
; Input Port ; Output Port ; RR     ; RF ; FR ; FF     ;
+------------+-------------+--------+----+----+--------+
; reset      ; io[0]       ; 11.302 ;    ;    ; 11.302 ;
; reset      ; io[1]       ; 11.302 ;    ;    ; 11.302 ;
; reset      ; io[2]       ; 11.766 ;    ;    ; 11.766 ;
; reset      ; io[3]       ; 11.302 ;    ;    ; 11.302 ;
; reset      ; io[4]       ; 11.766 ;    ;    ; 11.766 ;
; reset      ; io[5]       ; 11.766 ;    ;    ; 11.766 ;
; reset      ; io[6]       ; 11.766 ;    ;    ; 11.766 ;
; reset      ; io[7]       ; 11.766 ;    ;    ; 11.766 ;
+------------+-------------+--------+----+----+--------+


+------------------------------------------------------+
; Minimum Propagation Delay                            ;
+------------+-------------+--------+----+----+--------+
; Input Port ; Output Port ; RR     ; RF ; FR ; FF     ;
+------------+-------------+--------+----+----+--------+
; reset      ; io[0]       ; 11.302 ;    ;    ; 11.302 ;
; reset      ; io[1]       ; 11.302 ;    ;    ; 11.302 ;
; reset      ; io[2]       ; 11.766 ;    ;    ; 11.766 ;
; reset      ; io[3]       ; 11.302 ;    ;    ; 11.302 ;
; reset      ; io[4]       ; 11.766 ;    ;    ; 11.766 ;
; reset      ; io[5]       ; 11.766 ;    ;    ; 11.766 ;
; reset      ; io[6]       ; 11.766 ;    ;    ; 11.766 ;
; reset      ; io[7]       ; 11.766 ;    ;    ; 11.766 ;
+------------+-------------+--------+----+----+--------+


+-----------------------------------------------------------------------+
; Output Enable Times                                                   ;
+-----------+------------+--------+------+------------+-----------------+
; Data Port ; Clock Port ; Rise   ; Fall ; Clock Edge ; Clock Reference ;
+-----------+------------+--------+------+------------+-----------------+
; io[*]     ; clk        ; 9.881  ;      ; Rise       ; clk             ;
;  io[0]    ; clk        ; 9.881  ;      ; Rise       ; clk             ;
;  io[1]    ; clk        ; 9.881  ;      ; Rise       ; clk             ;
;  io[2]    ; clk        ; 10.345 ;      ; Rise       ; clk             ;
;  io[3]    ; clk        ; 9.881  ;      ; Rise       ; clk             ;
;  io[4]    ; clk        ; 10.345 ;      ; Rise       ; clk             ;
;  io[5]    ; clk        ; 10.345 ;      ; Rise       ; clk             ;
;  io[6]    ; clk        ; 10.345 ;      ; Rise       ; clk             ;
;  io[7]    ; clk        ; 10.345 ;      ; Rise       ; clk             ;
+-----------+------------+--------+------+------------+-----------------+


+----------------------------------------------------------------------+
; Minimum Output Enable Times                                          ;
+-----------+------------+-------+------+------------+-----------------+
; Data Port ; Clock Port ; Rise  ; Fall ; Clock Edge ; Clock Reference ;
+-----------+------------+-------+------+------------+-----------------+
; io[*]     ; clk        ; 8.464 ;      ; Rise       ; clk             ;
;  io[0]    ; clk        ; 8.464 ;      ; Rise       ; clk             ;
;  io[1]    ; clk        ; 8.464 ;      ; Rise       ; clk             ;
;  io[2]    ; clk        ; 8.928 ;      ; Rise       ; clk             ;
;  io[3]    ; clk        ; 8.464 ;      ; Rise       ; clk             ;
;  io[4]    ; clk        ; 8.928 ;      ; Rise       ; clk             ;
;  io[5]    ; clk        ; 8.928 ;      ; Rise       ; clk             ;
;  io[6]    ; clk        ; 8.928 ;      ; Rise       ; clk             ;
;  io[7]    ; clk        ; 8.928 ;      ; Rise       ; clk             ;
+-----------+------------+-------+------+------------+-----------------+


+-------------------------------------------------------------------------------+
; Output Disable Times                                                          ;
+-----------+------------+-----------+-----------+------------+-----------------+
; Data Port ; Clock Port ; 0 to Hi-Z ; 1 to Hi-Z ; Clock Edge ; Clock Reference ;
+-----------+------------+-----------+-----------+------------+-----------------+
; io[*]     ; clk        ; 9.881     ;           ; Rise       ; clk             ;
;  io[0]    ; clk        ; 9.881     ;           ; Rise       ; clk             ;
;  io[1]    ; clk        ; 9.881     ;           ; Rise       ; clk             ;
;  io[2]    ; clk        ; 10.345    ;           ; Rise       ; clk             ;
;  io[3]    ; clk        ; 9.881     ;           ; Rise       ; clk             ;
;  io[4]    ; clk        ; 10.345    ;           ; Rise       ; clk             ;
;  io[5]    ; clk        ; 10.345    ;           ; Rise       ; clk             ;
;  io[6]    ; clk        ; 10.345    ;           ; Rise       ; clk             ;
;  io[7]    ; clk        ; 10.345    ;           ; Rise       ; clk             ;
+-----------+------------+-----------+-----------+------------+-----------------+


+-------------------------------------------------------------------------------+
; Minimum Output Disable Times                                                  ;
+-----------+------------+-----------+-----------+------------+-----------------+
; Data Port ; Clock Port ; 0 to Hi-Z ; 1 to Hi-Z ; Clock Edge ; Clock Reference ;
+-----------+------------+-----------+-----------+------------+-----------------+
; io[*]     ; clk        ; 8.464     ;           ; Rise       ; clk             ;
;  io[0]    ; clk        ; 8.464     ;           ; Rise       ; clk             ;
;  io[1]    ; clk        ; 8.464     ;           ; Rise       ; clk             ;
;  io[2]    ; clk        ; 8.928     ;           ; Rise       ; clk             ;
;  io[3]    ; clk        ; 8.464     ;           ; Rise       ; clk             ;
;  io[4]    ; clk        ; 8.928     ;           ; Rise       ; clk             ;
;  io[5]    ; clk        ; 8.928     ;           ; Rise       ; clk             ;
;  io[6]    ; clk        ; 8.928     ;           ; Rise       ; clk             ;
;  io[7]    ; clk        ; 8.928     ;           ; Rise       ; clk             ;
+-----------+------------+-----------+-----------+------------+-----------------+


+-------------------------------------------------------------------+
; Setup Transfers                                                   ;
+------------+----------+----------+----------+----------+----------+
; From Clock ; To Clock ; RR Paths ; FR Paths ; RF Paths ; FF Paths ;
+------------+----------+----------+----------+----------+----------+
; clk        ; clk      ; 14630    ; 0        ; 0        ; 0        ;
+------------+----------+----------+----------+----------+----------+
Entries labeled "false path" only account for clock-to-clock false paths and not path-based false paths. As a result, actual path counts may be lower than reported.


+-------------------------------------------------------------------+
; Hold Transfers                                                    ;
+------------+----------+----------+----------+----------+----------+
; From Clock ; To Clock ; RR Paths ; FR Paths ; RF Paths ; FF Paths ;
+------------+----------+----------+----------+----------+----------+
; clk        ; clk      ; 14630    ; 0        ; 0        ; 0        ;
+------------+----------+----------+----------+----------+----------+
Entries labeled "false path" only account for clock-to-clock false paths and not path-based false paths. As a result, actual path counts may be lower than reported.


---------------
; Report TCCS ;
---------------
No dedicated SERDES Transmitter circuitry present in device or used in design


---------------
; Report RSKM ;
---------------
No dedicated SERDES Receiver circuitry present in device or used in design


+------------------------------------------------+
; Unconstrained Paths                            ;
+---------------------------------+-------+------+
; Property                        ; Setup ; Hold ;
+---------------------------------+-------+------+
; Illegal Clocks                  ; 0     ; 0    ;
; Unconstrained Clocks            ; 0     ; 0    ;
; Unconstrained Input Ports       ; 12    ; 12   ;
; Unconstrained Input Port Paths  ; 272   ; 272  ;
; Unconstrained Output Ports      ; 50    ; 50   ;
; Unconstrained Output Port Paths ; 74    ; 74   ;
+---------------------------------+-------+------+


+------------------------------------+
; TimeQuest Timing Analyzer Messages ;
+------------------------------------+
Info: *******************************************************************
Info: Running Quartus II 32-bit TimeQuest Timing Analyzer
    Info: Version 12.0 Build 178 05/31/2012 SJ Web Edition
    Info: Processing started: Thu Mar  9 23:06:53 2017
Info: Command: quartus_sta TopLevel -c TopLevel
Info: qsta_default_script.tcl version: #4
Warning (20028): Parallel compilation is not licensed and has been disabled
Info (21077): Low junction temperature is 0 degrees C
Info (21077): High junction temperature is 85 degrees C
Info (306004): Started post-fitting delay annotation
Info (306005): Delay annotation completed successfully
Critical Warning (332012): Synopsys Design Constraints File file not found: 'TopLevel.sdc'. A Synopsys Design Constraints File is required by the TimeQuest Timing Analyzer to get proper timing constraints. Without it, the Compiler will not properly optimize the design.
Info (332142): No user constrained base clocks found in the design. Calling "derive_clocks -period 1.0"
Info (332105): Deriving Clocks
    Info (332105): create_clock -period 1.000 -name clk clk
Info: Found TIMEQUEST_REPORT_SCRIPT_INCLUDE_DEFAULT_ANALYSIS = ON
Critical Warning (332148): Timing requirements not met
Info (332146): Worst-case setup slack is -13.459
    Info (332119):     Slack End Point TNS Clock 
    Info (332119): ========= ============= =====================
    Info (332119):   -13.459     -1727.955 clk 
Info (332146): Worst-case hold slack is 1.639
    Info (332119):     Slack End Point TNS Clock 
    Info (332119): ========= ============= =====================
    Info (332119):     1.639         0.000 clk 
Info (332140): No Recovery paths to report
Info (332140): No Removal paths to report
Info (332146): Worst-case minimum pulse width slack is -2.289
    Info (332119):     Slack End Point TNS Clock 
    Info (332119): ========= ============= =====================
    Info (332119):    -2.289        -2.289 clk 
Info (332001): The selected device family is not supported by the report_metastability command.
Info (332102): Design is not fully constrained for setup requirements
Info (332102): Design is not fully constrained for hold requirements
Info: Quartus II 32-bit TimeQuest Timing Analyzer was successful. 0 errors, 3 warnings
    Info: Peak virtual memory: 299 megabytes
    Info: Processing ended: Thu Mar  9 23:06:56 2017
    Info: Elapsed time: 00:00:03
    Info: Total CPU time (on all processors): 00:00:02


